Archive member included to satisfy reference by file (symbol)

C:\Users\Robert Lee\Workspace TESTING\audio effects\lib\libarm_cortexM4lf_math.a(arm_const_structs.o)
                              ./src/windowing_fft.o (arm_cfft_sR_f32_len1024)
C:\Users\Robert Lee\Workspace TESTING\audio effects\lib\libarm_cortexM4lf_math.a(arm_common_tables.o)
                              C:\Users\Robert Lee\Workspace TESTING\audio effects\lib\libarm_cortexM4lf_math.a(arm_const_structs.o) (armBitRevIndexTable_fixed_4096)
C:\Users\Robert Lee\Workspace TESTING\audio effects\lib\libarm_cortexM4lf_math.a(arm_cfft_f32.o)
                              ./src/windowing_fft.o (arm_cfft_f32)
C:\Users\Robert Lee\Workspace TESTING\audio effects\lib\libarm_cortexM4lf_math.a(arm_bitreversal2.o)
                              C:\Users\Robert Lee\Workspace TESTING\audio effects\lib\libarm_cortexM4lf_math.a(arm_cfft_f32.o) (arm_bitreversal_32)
C:\Users\Robert Lee\Workspace TESTING\audio effects\lib\libarm_cortexM4lf_math.a(arm_cfft_radix8_f32.o)
                              C:\Users\Robert Lee\Workspace TESTING\audio effects\lib\libarm_cortexM4lf_math.a(arm_cfft_f32.o) (arm_radix8_butterfly_f32)
c:/dev/gnu tools arm embedded/5.4 2016q3/bin/../lib/gcc/arm-none-eabi/5.4.1/../../../../arm-none-eabi/lib/armv7e-m/fpu\libg_nano.a(lib_a-errno.o)
                              ./system/src/newlib/_sbrk.o (__errno)
c:/dev/gnu tools arm embedded/5.4 2016q3/bin/../lib/gcc/arm-none-eabi/5.4.1/../../../../arm-none-eabi/lib/armv7e-m/fpu\libg_nano.a(lib_a-impure.o)
                              c:/dev/gnu tools arm embedded/5.4 2016q3/bin/../lib/gcc/arm-none-eabi/5.4.1/../../../../arm-none-eabi/lib/armv7e-m/fpu\libg_nano.a(lib_a-errno.o) (_impure_ptr)
c:/dev/gnu tools arm embedded/5.4 2016q3/bin/../lib/gcc/arm-none-eabi/5.4.1/../../../../arm-none-eabi/lib/armv7e-m/fpu\libg_nano.a(lib_a-nano-vfprintf_float.o)
                              (_printf_float)
c:/dev/gnu tools arm embedded/5.4 2016q3/bin/../lib/gcc/arm-none-eabi/5.4.1/../../../../arm-none-eabi/lib/armv7e-m/fpu\libg_nano.a(lib_a-nano-vfprintf_i.o)
                              c:/dev/gnu tools arm embedded/5.4 2016q3/bin/../lib/gcc/arm-none-eabi/5.4.1/../../../../arm-none-eabi/lib/armv7e-m/fpu\libg_nano.a(lib_a-nano-vfprintf_float.o) (_printf_common)
c:/dev/gnu tools arm embedded/5.4 2016q3/bin/../lib/gcc/arm-none-eabi/5.4.1/../../../../arm-none-eabi/lib/armv7e-m/fpu\libg_nano.a(lib_a-strlen.o)
                              ./system/src/diag/Trace.o (strlen)
c:/dev/gnu tools arm embedded/5.4 2016q3/bin/../lib/gcc/arm-none-eabi/5.4.1/../../../../arm-none-eabi/lib/armv7e-m/fpu\libg_nano.a(lib_a-vsnprintf.o)
                              ./system/src/diag/Trace.o (vsnprintf)
c:/dev/gnu tools arm embedded/5.4 2016q3/bin/../lib/gcc/arm-none-eabi/5.4.1/../../../../arm-none-eabi/lib/armv7e-m/fpu\libg_nano.a(lib_a-dtoa.o)
                              c:/dev/gnu tools arm embedded/5.4 2016q3/bin/../lib/gcc/arm-none-eabi/5.4.1/../../../../arm-none-eabi/lib/armv7e-m/fpu\libg_nano.a(lib_a-nano-vfprintf_float.o) (_dtoa_r)
c:/dev/gnu tools arm embedded/5.4 2016q3/bin/../lib/gcc/arm-none-eabi/5.4.1/../../../../arm-none-eabi/lib/armv7e-m/fpu\libg_nano.a(lib_a-localeconv.o)
                              c:/dev/gnu tools arm embedded/5.4 2016q3/bin/../lib/gcc/arm-none-eabi/5.4.1/../../../../arm-none-eabi/lib/armv7e-m/fpu\libg_nano.a(lib_a-nano-vfprintf_float.o) (_localeconv_r)
c:/dev/gnu tools arm embedded/5.4 2016q3/bin/../lib/gcc/arm-none-eabi/5.4.1/../../../../arm-none-eabi/lib/armv7e-m/fpu\libg_nano.a(lib_a-malloc.o)
                              c:/dev/gnu tools arm embedded/5.4 2016q3/bin/../lib/gcc/arm-none-eabi/5.4.1/../../../../arm-none-eabi/lib/armv7e-m/fpu\libg_nano.a(lib_a-dtoa.o) (malloc)
c:/dev/gnu tools arm embedded/5.4 2016q3/bin/../lib/gcc/arm-none-eabi/5.4.1/../../../../arm-none-eabi/lib/armv7e-m/fpu\libg_nano.a(lib_a-memchr.o)
                              c:/dev/gnu tools arm embedded/5.4 2016q3/bin/../lib/gcc/arm-none-eabi/5.4.1/../../../../arm-none-eabi/lib/armv7e-m/fpu\libg_nano.a(lib_a-nano-vfprintf_i.o) (memchr)
c:/dev/gnu tools arm embedded/5.4 2016q3/bin/../lib/gcc/arm-none-eabi/5.4.1/../../../../arm-none-eabi/lib/armv7e-m/fpu\libg_nano.a(lib_a-memcpy-stub.o)
                              c:/dev/gnu tools arm embedded/5.4 2016q3/bin/../lib/gcc/arm-none-eabi/5.4.1/../../../../arm-none-eabi/lib/armv7e-m/fpu\libg_nano.a(lib_a-dtoa.o) (memcpy)
c:/dev/gnu tools arm embedded/5.4 2016q3/bin/../lib/gcc/arm-none-eabi/5.4.1/../../../../arm-none-eabi/lib/armv7e-m/fpu\libg_nano.a(lib_a-mprec.o)
                              c:/dev/gnu tools arm embedded/5.4 2016q3/bin/../lib/gcc/arm-none-eabi/5.4.1/../../../../arm-none-eabi/lib/armv7e-m/fpu\libg_nano.a(lib_a-dtoa.o) (_Balloc)
c:/dev/gnu tools arm embedded/5.4 2016q3/bin/../lib/gcc/arm-none-eabi/5.4.1/../../../../arm-none-eabi/lib/armv7e-m/fpu\libg_nano.a(lib_a-nano-callocr.o)
[...]
Memory Configuration

Name             Origin             Length             Attributes
RAM              0x20000000         0x00020000         xrw
CCMRAM           0x10000000         0x00010000         xrw
FLASH            0x08000000         0x00100000         xr
FLASHB1          0x00000000         0x00000000         xr
EXTMEMB0         0x00000000         0x00000000         xr
EXTMEMB1         0x00000000         0x00000000         xr
EXTMEMB2         0x00000000         0x00000000         xr
EXTMEMB3         0x00000000         0x00000000         xr
MEMORY_ARRAY     0x20002000         0x00000020         xrw
*default*        0x00000000         0xffffffff

Linker script and memory map

LOAD ./system/src/stm32f4-hal/stm32f4xx_hal.o
LOAD ./system/src/stm32f4-hal/stm32f4xx_hal_adc.o
LOAD ./system/src/stm32f4-hal/stm32f4xx_hal_cortex.o
LOAD ./system/src/stm32f4-hal/stm32f4xx_hal_dac.o
LOAD ./system/src/stm32f4-hal/stm32f4xx_hal_dac_ex.o
LOAD ./system/src/stm32f4-hal/stm32f4xx_hal_flash.o
LOAD ./system/src/stm32f4-hal/stm32f4xx_hal_gpio.o
LOAD ./system/src/stm32f4-hal/stm32f4xx_hal_i2c.o
LOAD ./system/src/stm32f4-hal/stm32f4xx_hal_iwdg.o
LOAD ./system/src/stm32f4-hal/stm32f4xx_hal_pwr.o
LOAD ./system/src/stm32f4-hal/stm32f4xx_hal_rcc.o
LOAD ./system/src/stm32f4-hal/stm32f4xx_hal_tim.o
LOAD ./system/src/newlib/_cxx.o
LOAD ./system/src/newlib/_exit.o
LOAD ./system/src/newlib/_sbrk.o
LOAD ./system/src/newlib/_startup.o
LOAD ./system/src/newlib/_syscalls.o
LOAD ./system/src/newlib/assert.o
LOAD ./system/src/diag/Trace.o
LOAD ./system/src/diag/trace_impl.o
LOAD ./system/src/cortexm/_initialize_hardware.o
LOAD ./system/src/cortexm/_reset_hardware.o
LOAD ./system/src/cortexm/exception_handlers.o
LOAD ./system/src/cmsis/system_stm32f4xx.o
LOAD ./system/src/cmsis/vectors_stm32f405xx.o
LOAD ./src/AudioChip.o
LOAD ./src/_initialize_hardware.o
LOAD ./src/_write.o
LOAD ./src/hamming.o
LOAD ./src/main.o
LOAD ./src/stm32f4xx_hal_msp.o
LOAD ./src/windowing_fft.o
LOAD C:\Users\Robert Lee\Workspace TESTING\audio effects\lib\libarm_cortexM4lf_math.a
LOAD c:/dev/gnu tools arm embedded/5.4 2016q3/bin/../lib/gcc/arm-none-eabi/5.4.1/../../../../arm-none-eabi/lib/armv7e-m/fpu\libstdc++_nano.a
LOAD c:/dev/gnu tools arm embedded/5.4 2016q3/bin/../lib/gcc/arm-none-eabi/5.4.1/../../../../arm-none-eabi/lib/armv7e-m/fpu\libm.a
START GROUP
LOAD c:/dev/gnu tools arm embedded/5.4 2016q3/bin/../lib/gcc/arm-none-eabi/5.4.1/armv7e-m/fpu\libgcc.a
LOAD c:/dev/gnu tools arm embedded/5.4 2016q3/bin/../lib/gcc/arm-none-eabi/5.4.1/../../../../arm-none-eabi/lib/armv7e-m/fpu\libg_nano.a
LOAD c:/dev/gnu tools arm embedded/5.4 2016q3/bin/../lib/gcc/arm-none-eabi/5.4.1/../../../../arm-none-eabi/lib/armv7e-m/fpu\libc_nano.a
END GROUP
START GROUP
LOAD c:/dev/gnu tools arm embedded/5.4 2016q3/bin/../lib/gcc/arm-none-eabi/5.4.1/armv7e-m/fpu\libgcc.a
LOAD c:/dev/gnu tools arm embedded/5.4 2016q3/bin/../lib/gcc/arm-none-eabi/5.4.1/../../../../arm-none-eabi/lib/armv7e-m/fpu\libc_nano.a
END GROUP
                0x20020000                __stack = (ORIGIN (RAM) + LENGTH (RAM))
                0x20020000                _estack = __stack
                0x00000400                __Main_Stack_Size = 0x400
                [!provide]                PROVIDE (_Main_Stack_Size, __Main_Stack_Size)
                0x2001fc00                __Main_Stack_Limit = (__stack - __Main_Stack_Size)
                [!provide]                PROVIDE (_Main_Stack_Limit, __Main_Stack_Limit)
                0x00000100                _Minimum_Stack_Size = 0x100
                0x200002c8                PROVIDE (_Heap_Begin, _end_noinit)
                0x2001fc00                PROVIDE (_Heap_Limit, (__stack - __Main_Stack_Size))

.isr_vector     0x08000000      0x3f4
 FILL mask 0xff
                0x08000000                __vectors_start = ABSOLUTE (.)
                0x08000000                __vectors_start__ = ABSOLUTE (.)
 *(.isr_vector)
 .isr_vector    0x08000000      0x188 ./system/src/cmsis/vectors_stm32f405xx.o
                0x08000000                __isr_vectors
 *(.cfmconfig)
 *(.after_vectors .after_vectors.*)
 .after_vectors
                0x08000188      0x130 ./system/src/newlib/_startup.o
                0x08000188                _start
 .after_vectors
                0x080002b8      0x130 ./system/src/cortexm/exception_handlers.o
                0x080002b8                Reset_Handler
                0x080002c0                NMI_Handler
                0x080002c4                HardFault_Handler
                0x080002d8                HardFault_Handler_C
                0x08000338                MemManage_Handler
                0x0800033c                BusFault_Handler
                0x08000350                BusFault_Handler_C
                0x08000384                UsageFault_Handler
                0x08000398                UsageFault_Handler_C
                0x080003cc                SVC_Handler
                0x080003d0                DebugMon_Handler
                0x080003d4                PendSV_Handler
 .after_vectors
                0x080003e8        0x4 ./system/src/cmsis/vectors_stm32f405xx.o
                0x080003e8                RTC_Alarm_IRQHandler
                0x080003e8                HASH_RNG_IRQHandler
                0x080003e8                EXTI2_IRQHandler
                0x080003e8                TIM8_CC_IRQHandler
                0x080003e8                TIM1_CC_IRQHandler
                0x080003e8                DMA2_Stream5_IRQHandler
                0x080003e8                DMA1_Stream5_IRQHandler
                0x080003e8                PVD_IRQHandler
                0x080003e8                SDIO_IRQHandler
                0x080003e8                TAMP_STAMP_IRQHandler
                0x080003e8                CAN2_RX1_IRQHandler
                0x080003e8                EXTI3_IRQHandler
                0x080003e8                TIM8_TRG_COM_TIM14_IRQHandler
                0x080003e8                TIM1_UP_TIM10_IRQHandler
                0x080003e8                TIM8_UP_TIM13_IRQHandler
                0x080003e8                I2C3_ER_IRQHandler
                0x080003e8                EXTI0_IRQHandler
                0x080003e8                I2C2_EV_IRQHandler
                0x080003e8                DMA1_Stream2_IRQHandler
                0x080003e8                CAN1_RX0_IRQHandler
                0x080003e8                FPU_IRQHandler
                0x080003e8                OTG_HS_WKUP_IRQHandler
                0x080003e8                CAN2_SCE_IRQHandler
                0x080003e8                DMA2_Stream2_IRQHandler
                0x080003e8                SPI1_IRQHandler
                0x080003e8                TIM6_DAC_IRQHandler
                0x080003e8                TIM1_BRK_TIM9_IRQHandler
                0x080003e8                CAN2_RX0_IRQHandler
                0x080003e8                DMA2_Stream3_IRQHandler
                0x080003e8                USART6_IRQHandler
                0x080003e8                USART3_IRQHandler
                0x080003e8                CAN1_RX1_IRQHandler
                0x080003e8                UART5_IRQHandler
                0x080003e8                DMA2_Stream0_IRQHandler
                0x080003e8                TIM4_IRQHandler
                0x080003e8                I2C1_EV_IRQHandler
                0x080003e8                DMA1_Stream6_IRQHandler
                0x080003e8                DMA1_Stream1_IRQHandler
                0x080003e8                UART4_IRQHandler
                0x080003e8                RCC_IRQHandler
                0x080003e8                TIM8_BRK_TIM12_IRQHandler
                0x080003e8                Default_Handler
                0x080003e8                EXTI15_10_IRQHandler
                0x080003e8                ADC_IRQHandler
                0x080003e8                DMA1_Stream7_IRQHandler
                0x080003e8                TIM7_IRQHandler
                0x080003e8                CAN2_TX_IRQHandler
                0x080003e8                TIM5_IRQHandler
                0x080003e8                DMA2_Stream7_IRQHandler
                0x080003e8                I2C3_EV_IRQHandler
                0x080003e8                EXTI9_5_IRQHandler
                0x080003e8                RTC_WKUP_IRQHandler
                0x080003e8                SPI2_IRQHandler
                0x080003e8                OTG_HS_EP1_IN_IRQHandler
                0x080003e8                DMA1_Stream0_IRQHandler
                0x080003e8                CAN1_TX_IRQHandler
                0x080003e8                EXTI4_IRQHandler
                0x080003e8                OTG_HS_EP1_OUT_IRQHandler
                0x080003e8                WWDG_IRQHandler
                0x080003e8                TIM2_IRQHandler
                0x080003e8                OTG_FS_WKUP_IRQHandler
                0x080003e8                TIM1_TRG_COM_TIM11_IRQHandler
                0x080003e8                OTG_HS_IRQHandler
                0x080003e8                EXTI1_IRQHandler
                0x080003e8                USART2_IRQHandler
                0x080003e8                I2C2_ER_IRQHandler
                0x080003e8                DMA2_Stream1_IRQHandler
                0x080003e8                CAN1_SCE_IRQHandler
                0x080003e8                FLASH_IRQHandler
                0x080003e8                DMA2_Stream4_IRQHandler
                0x080003e8                USART1_IRQHandler
                0x080003e8                OTG_FS_IRQHandler
                0x080003e8                SPI3_IRQHandler
                0x080003e8                DMA1_Stream4_IRQHandler
                0x080003e8                I2C1_ER_IRQHandler
                0x080003e8                FMC_IRQHandler
                0x080003e8                DMA2_Stream6_IRQHandler
                0x080003e8                DMA1_Stream3_IRQHandler
 .after_vectors
                0x080003ec        0x8 ./src/_initialize_hardware.o
                0x080003ec                SysTick_Handler

.inits          0x080003f4       0x28
                0x080003f4                __data_regions_array_start = .
                0x080003f4        0x4 LONG 0x8004840 LOADADDR (.data)
                0x080003f8        0x4 LONG 0x20000000 ADDR (.data)
                0x080003fc        0x4 LONG 0x200001e4 (ADDR (.data) + SIZEOF (.data))
                0x08000400        0x4 LONG 0x8004840 LOADADDR (.data_CCMRAM)
                0x08000404        0x4 LONG 0x10000000 ADDR (.data_CCMRAM)
                0x08000408        0x4 LONG 0x10000000 (ADDR (.data_CCMRAM) + SIZEOF (.data_CCMRAM))
                0x0800040c                __data_regions_array_end = .
                0x0800040c                __bss_regions_array_start = .
                0x0800040c        0x4 LONG 0x200001e4 ADDR (.bss)
                0x08000410        0x4 LONG 0x200002c8 (ADDR (.bss) + SIZEOF (.bss))
                0x08000414        0x4 LONG 0x10000000 ADDR (.bss_CCMRAM)
                0x08000418        0x4 LONG 0x10000000 (ADDR (.bss_CCMRAM) + SIZEOF (.bss_CCMRAM))
                0x0800041c                __bss_regions_array_end = .
 *(.init)
 *(.fini)
                0x0800041c                . = ALIGN (0x4)
                0x0800041c                PROVIDE (__preinit_array_start, .)
 *(.preinit_array_sysinit .preinit_array_sysinit.*)
 *(.preinit_array_platform .preinit_array_platform.*)
 *(.preinit_array .preinit_array.*)
                0x0800041c                PROVIDE (__preinit_array_end, .)
                0x0800041c                . = ALIGN (0x4)
                0x0800041c                PROVIDE (__init_array_start, .)
 *(SORT(.init_array.*))
 *(.init_array)
                0x0800041c                PROVIDE (__init_array_end, .)
                0x0800041c                . = ALIGN (0x4)
                0x0800041c                PROVIDE (__fini_array_start, .)
 *(SORT(.fini_array.*))
 *(.fini_array)
                0x0800041c                PROVIDE (__fini_array_end, .)

.flashtext
 *(.flashtext .flashtext.*)

.text           0x08000420     0x4420
 *(.text .text.*)
 .text.HAL_InitTick
                0x08000420       0x28 ./system/src/stm32f4-hal/stm32f4xx_hal.o
                0x08000420                HAL_InitTick
 .text.HAL_Init
                0x08000448       0x34 ./system/src/stm32f4-hal/stm32f4xx_hal.o
                0x08000448                HAL_Init
 .text.HAL_IncTick
                0x0800047c       0x10 ./system/src/stm32f4-hal/stm32f4xx_hal.o
                0x0800047c                HAL_IncTick
 .text.HAL_GetTick
                0x0800048c        0xc ./system/src/stm32f4-hal/stm32f4xx_hal.o
                0x0800048c                HAL_GetTick
 .text.HAL_NVIC_SetPriorityGrouping
                0x08000498       0x3c ./system/src/stm32f4-hal/stm32f4xx_hal_cortex.o
                0x08000498                HAL_NVIC_SetPriorityGrouping
 .text.HAL_NVIC_SetPriority
                0x080004d4       0x84 ./system/src/stm32f4-hal/stm32f4xx_hal_cortex.o
                0x080004d4                HAL_NVIC_SetPriority
 .text.HAL_NVIC_EnableIRQ
                0x08000558       0x2c ./system/src/stm32f4-hal/stm32f4xx_hal_cortex.o
                0x08000558                HAL_NVIC_EnableIRQ
 .text.HAL_SYSTICK_Config
                0x08000584       0x2c ./system/src/stm32f4-hal/stm32f4xx_hal_cortex.o
                0x08000584                HAL_SYSTICK_Config
 .text.HAL_SYSTICK_CLKSourceConfig
                0x080005b0       0x38 ./system/src/stm32f4-hal/stm32f4xx_hal_cortex.o
                0x080005b0                HAL_SYSTICK_CLKSourceConfig
 .text.HAL_GPIO_Init
                0x080005e8      0x324 ./system/src/stm32f4-hal/stm32f4xx_hal_gpio.o
                0x080005e8                HAL_GPIO_Init
 .text.HAL_GPIO_ReadPin
                0x0800090c       0x24 ./system/src/stm32f4-hal/stm32f4xx_hal_gpio.o
                0x0800090c                HAL_GPIO_ReadPin
 .text.HAL_GPIO_TogglePin
                0x08000930       0x20 ./system/src/stm32f4-hal/stm32f4xx_hal_gpio.o
                0x08000930                HAL_GPIO_TogglePin
 .text.HAL_RCC_OscConfig
                0x08000950      0x448 ./system/src/stm32f4-hal/stm32f4xx_hal_rcc.o
                0x08000950                HAL_RCC_OscConfig
 .text.HAL_RCC_ClockConfig
                0x08000d98      0x22c ./system/src/stm32f4-hal/stm32f4xx_hal_rcc.o
                0x08000d98                HAL_RCC_ClockConfig
 .text.HAL_RCC_GetSysClockFreq
                0x08000fc4       0xa4 ./system/src/stm32f4-hal/stm32f4xx_hal_rcc.o
                0x08000fc4                HAL_RCC_GetSysClockFreq
 .text.HAL_RCC_GetHCLKFreq
                0x08001068       0x34 ./system/src/stm32f4-hal/stm32f4xx_hal_rcc.o
                0x08001068                HAL_RCC_GetHCLKFreq
 .text.HAL_TIM_Base_MspInit
                0x0800109c        0x4 ./system/src/stm32f4-hal/stm32f4xx_hal_tim.o
                0x0800109c                HAL_TIM_Base_MspInit
 .text.TIM_Base_SetConfig
                0x080010a0      0x11c ./system/src/stm32f4-hal/stm32f4xx_hal_tim.o
                0x080010a0                TIM_Base_SetConfig
 .text.HAL_TIM_Base_Init
                0x080011bc       0xec ./system/src/stm32f4-hal/stm32f4xx_hal_tim.o
                0x080011bc                HAL_TIM_Base_Init
 .text._exit    0x080012a8        0x4 ./system/src/newlib/_exit.o
                0x080012a8                _exit
 .text.abort    0x080012ac       0x14 ./system/src/newlib/_exit.o
                0x080012ac                abort
 .text._sbrk    0x080012c0       0x44 ./system/src/newlib/_sbrk.o
                0x080012c0                _sbrk
 .text.__initialize_args
                0x08001304       0x10 ./system/src/newlib/_syscalls.o
                0x08001304                __initialize_args
 .text.assert_failed
                0x08001314       0x14 ./system/src/newlib/assert.o
                0x08001314                assert_failed
 .text.trace_printf
                0x08001328       0x30 ./system/src/diag/Trace.o
                0x08001328                trace_printf
 .text.trace_puts
                0x08001358       0x20 ./system/src/diag/Trace.o
                0x08001358                trace_puts
 .text._trace_write_semihosting_debug
                0x08001378       0x64 ./system/src/diag/trace_impl.o
 .text.trace_write
                0x080013dc        0x8 ./system/src/diag/trace_impl.o
                0x080013dc                trace_write
 .text.__initialize_hardware_early
                0x080013e4       0x24 ./system/src/cortexm/_initialize_hardware.o
                0x080013e4                __initialize_hardware_early
 .text.dumpExceptionStack
                0x08001408       0xf0 ./system/src/cortexm/exception_handlers.o
                0x08001408                dumpExceptionStack
 .text.isSemihosting
                0x080014f8       0x20 ./system/src/cortexm/exception_handlers.o
                0x080014f8                isSemihosting
 .text.SystemInit
                0x08001518       0x4c ./system/src/cmsis/system_stm32f4xx.o
                0x08001518                SystemInit
 .text.SystemCoreClockUpdate
                0x08001564       0xa0 ./system/src/cmsis/system_stm32f4xx.o
                0x08001564                SystemCoreClockUpdate
 .text.SystemClock_Config
                0x08001604       0x9c ./src/_initialize_hardware.o
                0x08001604                SystemClock_Config
 .text.__initialize_hardware
                0x080016a0       0x10 ./src/_initialize_hardware.o
                0x080016a0                __initialize_hardware
 .text.init_GPIO_Port
                0x080016b0       0x6c ./src/main.o
                0x080016b0                init_GPIO_Port
 .text.init_GPIO_Port_Default_Speed_Pull
                0x0800171c       0x14 ./src/main.o
                0x0800171c                init_GPIO_Port_Default_Speed_Pull
 .text.ConfigureTimer
                0x08001730       0x68 ./src/main.o
                0x08001730                ConfigureTimer
 .text.Configure_Ports
                0x08001798       0x1c ./src/main.o
                0x08001798                Configure_Ports
 .text.main     0x080017b4       0x68 ./src/main.o
                0x080017b4                main
 .text.TIM3_IRQHandler
                0x0800181c       0x50 ./src/main.o
                0x0800181c                TIM3_IRQHandler
 .text.HAL_MspInit
                0x0800186c        0x4 ./src/stm32f4xx_hal_msp.o
                0x0800186c                HAL_MspInit
 .text.__errno  0x08001870        0xc c:/dev/gnu tools arm embedded/5.4 2016q3/bin/../lib/gcc/arm-none-eabi/5.4.1/../../../../arm-none-eabi/lib/armv7e-m/fpu\libg_nano.a(lib_a-errno.o)
                0x08001870                __errno
 .text.__cvt    0x0800187c       0xc8 c:/dev/gnu tools arm embedded/5.4 2016q3/bin/../lib/gcc/arm-none-eabi/5.4.1/../../../../arm-none-eabi/lib/armv7e-m/fpu\libg_nano.a(lib_a-nano-vfprintf_float.o)
                0x0800187c                __cvt
 .text.__exponent
                0x08001944       0x60 c:/dev/gnu tools arm embedded/5.4 2016q3/bin/../lib/gcc/arm-none-eabi/5.4.1/../../../../arm-none-eabi/lib/armv7e-m/fpu\libg_nano.a(lib_a-nano-vfprintf_float.o)
                0x08001944                __exponent
 .text._printf_float
                0x080019a4      0x47c c:/dev/gnu tools arm embedded/5.4 2016q3/bin/../lib/gcc/arm-none-eabi/5.4.1/../../../../arm-none-eabi/lib/armv7e-m/fpu\libg_nano.a(lib_a-nano-vfprintf_float.o)
                0x080019a4                _printf_float
 .text._printf_common
                0x08001e20       0xec c:/dev/gnu tools arm embedded/5.4 2016q3/bin/../lib/gcc/arm-none-eabi/5.4.1/../../../../arm-none-eabi/lib/armv7e-m/fpu\libg_nano.a(lib_a-nano-vfprintf_i.o)
                0x08001e20                _printf_common
 .text._printf_i
                0x08001f0c      0x24c c:/dev/gnu tools arm embedded/5.4 2016q3/bin/../lib/gcc/arm-none-eabi/5.4.1/../../../../arm-none-eabi/lib/armv7e-m/fpu\libg_nano.a(lib_a-nano-vfprintf_i.o)
                0x08001f0c                _printf_i
 .text          0x08002158       0x10 c:/dev/gnu tools arm embedded/5.4 2016q3/bin/../lib/gcc/arm-none-eabi/5.4.1/../../../../arm-none-eabi/lib/armv7e-m/fpu\libg_nano.a(lib_a-strlen.o)
                0x08002158                strlen
 .text._vsnprintf_r
                0x08002168       0x56 c:/dev/gnu tools arm embedded/5.4 2016q3/bin/../lib/gcc/arm-none-eabi/5.4.1/../../../../arm-none-eabi/lib/armv7e-m/fpu\libg_nano.a(lib_a-vsnprintf.o)
                0x08002168                _vsniprintf_r
                0x08002168                _vsnprintf_r
 *fill*         0x080021be        0x2 
 .text.vsnprintf
                0x080021c0       0x1c c:/dev/gnu tools arm embedded/5.4 2016q3/bin/../lib/gcc/arm-none-eabi/5.4.1/../../../../arm-none-eabi/lib/armv7e-m/fpu\libg_nano.a(lib_a-vsnprintf.o)
                0x080021c0                vsniprintf
                0x080021c0                vsnprintf
 .text.quorem   0x080021dc      0x11e c:/dev/gnu tools arm embedded/5.4 2016q3/bin/../lib/gcc/arm-none-eabi/5.4.1/../../../../arm-none-eabi/lib/armv7e-m/fpu\libg_nano.a(lib_a-dtoa.o)
 *fill*         0x080022fa        0x6 
 .text._dtoa_r  0x08002300      0xb40 c:/dev/gnu tools arm embedded/5.4 2016q3/bin/../lib/gcc/arm-none-eabi/5.4.1/../../../../arm-none-eabi/lib/armv7e-m/fpu\libg_nano.a(lib_a-dtoa.o)
                0x08002300                _dtoa_r
 .text._localeconv_r
                0x08002e40       0x1c c:/dev/gnu tools arm embedded/5.4 2016q3/bin/../lib/gcc/arm-none-eabi/5.4.1/../../../../arm-none-eabi/lib/armv7e-m/fpu\libg_nano.a(lib_a-localeconv.o)
                0x08002e40                _localeconv_r
 .text.malloc   0x08002e5c       0x10 c:/dev/gnu tools arm embedded/5.4 2016q3/bin/../lib/gcc/arm-none-eabi/5.4.1/../../../../arm-none-eabi/lib/armv7e-m/fpu\libg_nano.a(lib_a-malloc.o)
                0x08002e5c                malloc
 *fill*         0x08002e6c        0x4 
 .text          0x08002e70       0xa0 c:/dev/gnu tools arm embedded/5.4 2016q3/bin/../lib/gcc/arm-none-eabi/5.4.1/../../../../arm-none-eabi/lib/armv7e-m/fpu\libg_nano.a(lib_a-memchr.o)
                0x08002e70                memchr
 .text.memcpy   0x08002f10       0x16 c:/dev/gnu tools arm embedded/5.4 2016q3/bin/../lib/gcc/arm-none-eabi/5.4.1/../../../../arm-none-eabi/lib/armv7e-m/fpu\libg_nano.a(lib_a-memcpy-stub.o)
                0x08002f10                memcpy
 .text._Balloc  0x08002f26       0x6a c:/dev/gnu tools arm embedded/5.4 2016q3/bin/../lib/gcc/arm-none-eabi/5.4.1/../../../../arm-none-eabi/lib/armv7e-m/fpu\libg_nano.a(lib_a-mprec.o)
                0x08002f26                _Balloc
 .text._Bfree   0x08002f90       0x2e c:/dev/gnu tools arm embedded/5.4 2016q3/bin/../lib/gcc/arm-none-eabi/5.4.1/../../../../arm-none-eabi/lib/armv7e-m/fpu\libg_nano.a(lib_a-mprec.o)
                0x08002f90                _Bfree
 .text.__multadd
                0x08002fbe       0x76 c:/dev/gnu tools arm embedded/5.4 2016q3/bin/../lib/gcc/arm-none-eabi/5.4.1/../../../../arm-none-eabi/lib/armv7e-m/fpu\libg_nano.a(lib_a-mprec.o)
                0x08002fbe                __multadd
 .text.__hi0bits
                0x08003034       0x40 c:/dev/gnu tools arm embedded/5.4 2016q3/bin/../lib/gcc/arm-none-eabi/5.4.1/../../../../arm-none-eabi/lib/armv7e-m/fpu\libg_nano.a(lib_a-mprec.o)
                0x08003034                __hi0bits
 .text.__lo0bits
                0x08003074       0x5a c:/dev/gnu tools arm embedded/5.4 2016q3/bin/../lib/gcc/arm-none-eabi/5.4.1/../../../../arm-none-eabi/lib/armv7e-m/fpu\libg_nano.a(lib_a-mprec.o)
                0x08003074                __lo0bits
 .text.__i2b    0x080030ce       0x12 c:/dev/gnu tools arm embedded/5.4 2016q3/bin/../lib/gcc/arm-none-eabi/5.4.1/../../../../arm-none-eabi/lib/armv7e-m/fpu\libg_nano.a(lib_a-mprec.o)
                0x080030ce                __i2b
 .text.__multiply
                0x080030e0      0x122 c:/dev/gnu tools arm embedded/5.4 2016q3/bin/../lib/gcc/arm-none-eabi/5.4.1/../../../../arm-none-eabi/lib/armv7e-m/fpu\libg_nano.a(lib_a-mprec.o)
                0x080030e0                __multiply
 *fill*         0x08003202        0x2 
 .text.__pow5mult
                0x08003204       0x9c c:/dev/gnu tools arm embedded/5.4 2016q3/bin/../lib/gcc/arm-none-eabi/5.4.1/../../../../arm-none-eabi/lib/armv7e-m/fpu\libg_nano.a(lib_a-mprec.o)
                0x08003204                __pow5mult
 .text.__lshift
                0x080032a0       0xa2 c:/dev/gnu tools arm embedded/5.4 2016q3/bin/../lib/gcc/arm-none-eabi/5.4.1/../../../../arm-none-eabi/lib/armv7e-m/fpu\libg_nano.a(lib_a-mprec.o)
                0x080032a0                __lshift
 .text.__mcmp   0x08003342       0x38 c:/dev/gnu tools arm embedded/5.4 2016q3/bin/../lib/gcc/arm-none-eabi/5.4.1/../../../../arm-none-eabi/lib/armv7e-m/fpu\libg_nano.a(lib_a-mprec.o)
                0x08003342                __mcmp
 .text.__mdiff  0x0800337a       0xbe c:/dev/gnu tools arm embedded/5.4 2016q3/bin/../lib/gcc/arm-none-eabi/5.4.1/../../../../arm-none-eabi/lib/armv7e-m/fpu\libg_nano.a(lib_a-mprec.o)
                0x0800337a                __mdiff
 .text.__d2b    0x08003438       0x9c c:/dev/gnu tools arm embedded/5.4 2016q3/bin/../lib/gcc/arm-none-eabi/5.4.1/../../../../arm-none-eabi/lib/armv7e-m/fpu\libg_nano.a(lib_a-mprec.o)
                0x08003438                __d2b
 .text._calloc_r
                0x080034d4       0x1c c:/dev/gnu tools arm embedded/5.4 2016q3/bin/../lib/gcc/arm-none-eabi/5.4.1/../../../../arm-none-eabi/lib/armv7e-m/fpu\libg_nano.a(lib_a-nano-callocr.o)
                0x080034d4                _calloc_r
 .text._free_r  0x080034f0       0x9c c:/dev/gnu tools arm embedded/5.4 2016q3/bin/../lib/gcc/arm-none-eabi/5.4.1/../../../../arm-none-eabi/lib/armv7e-m/fpu\libg_nano.a(lib_a-nano-freer.o)
                0x080034f0                _free_r
 .text._malloc_r
                0x0800358c       0xbc c:/dev/gnu tools arm embedded/5.4 2016q3/bin/../lib/gcc/arm-none-eabi/5.4.1/../../../../arm-none-eabi/lib/armv7e-m/fpu\libg_nano.a(lib_a-nano-mallocr.o)
                0x0800358c                _malloc_r
 .text.__ssputs_r
                0x08003648       0xb2 c:/dev/gnu tools arm embedded/5.4 2016q3/bin/../lib/gcc/arm-none-eabi/5.4.1/../../../../arm-none-eabi/lib/armv7e-m/fpu\libg_nano.a(lib_a-nano-svfprintf.o)
                0x08003648                __ssputs_r
 *fill*         0x080036fa        0x2 
 .text._svfprintf_r
                0x080036fc      0x1e8 c:/dev/gnu tools arm embedded/5.4 2016q3/bin/../lib/gcc/arm-none-eabi/5.4.1/../../../../arm-none-eabi/lib/armv7e-m/fpu\libg_nano.a(lib_a-nano-svfprintf.o)
                0x080036fc                _svfiprintf_r
                0x080036fc                _svfprintf_r
 .text._sbrk_r  0x080038e4       0x20 c:/dev/gnu tools arm embedded/5.4 2016q3/bin/../lib/gcc/arm-none-eabi/5.4.1/../../../../arm-none-eabi/lib/armv7e-m/fpu\libg_nano.a(lib_a-sbrkr.o)
                0x080038e4                _sbrk_r
 .text.__ascii_mbtowc
                0x08003904       0x24 c:/dev/gnu tools arm embedded/5.4 2016q3/bin/../lib/gcc/arm-none-eabi/5.4.1/../../../../arm-none-eabi/lib/armv7e-m/fpu\libg_nano.a(lib_a-mbtowc_r.o)
                0x08003904                __ascii_mbtowc
 .text.memmove  0x08003928       0x36 c:/dev/gnu tools arm embedded/5.4 2016q3/bin/../lib/gcc/arm-none-eabi/5.4.1/../../../../arm-none-eabi/lib/armv7e-m/fpu\libg_nano.a(lib_a-memmove.o)
                0x08003928                memmove
 .text.memset   0x0800395e       0x10 c:/dev/gnu tools arm embedded/5.4 2016q3/bin/../lib/gcc/arm-none-eabi/5.4.1/../../../../arm-none-eabi/lib/armv7e-m/fpu\libg_nano.a(lib_a-memset.o)
                0x0800395e                memset
 .text.__malloc_lock
                0x0800396e        0x2 c:/dev/gnu tools arm embedded/5.4 2016q3/bin/../lib/gcc/arm-none-eabi/5.4.1/../../../../arm-none-eabi/lib/armv7e-m/fpu\libg_nano.a(lib_a-mlock.o)
                0x0800396e                __malloc_lock
 .text.__malloc_unlock
                0x08003970        0x2 c:/dev/gnu tools arm embedded/5.4 2016q3/bin/../lib/gcc/arm-none-eabi/5.4.1/../../../../arm-none-eabi/lib/armv7e-m/fpu\libg_nano.a(lib_a-mlock.o)
                0x08003970                __malloc_unlock
 .text._realloc_r
                0x08003972       0x4c c:/dev/gnu tools arm embedded/5.4 2016q3/bin/../lib/gcc/arm-none-eabi/5.4.1/../../../../arm-none-eabi/lib/armv7e-m/fpu\libg_nano.a(lib_a-nano-reallocr.o)
                0x08003972                _realloc_r
 .text.__ascii_wctomb
                0x080039be       0x1a c:/dev/gnu tools arm embedded/5.4 2016q3/bin/../lib/gcc/arm-none-eabi/5.4.1/../../../../arm-none-eabi/lib/armv7e-m/fpu\libg_nano.a(lib_a-wctomb_r.o)
                0x080039be                __ascii_wctomb
 .text._malloc_usable_size_r
                0x080039d8       0x14 c:/dev/gnu tools arm embedded/5.4 2016q3/bin/../lib/gcc/arm-none-eabi/5.4.1/../../../../arm-none-eabi/lib/armv7e-m/fpu\libg_nano.a(lib_a-nano-msizer.o)
                0x080039d8                _malloc_usable_size_r
 .text          0x080039ec      0x370 c:/dev/gnu tools arm embedded/5.4 2016q3/bin/../lib/gcc/arm-none-eabi/5.4.1/armv7e-m/fpu\libgcc.a(_arm_addsubdf3.o)
                0x080039ec                __aeabi_drsub
                0x080039f4                __aeabi_dsub
                0x080039f4                __subdf3
                0x080039f8                __aeabi_dadd
                0x080039f8                __adddf3
                0x08003c70                __floatunsidf
                0x08003c70                __aeabi_ui2d
                0x08003c90                __floatsidf
                0x08003c90                __aeabi_i2d
                0x08003cb4                __aeabi_f2d
                0x08003cb4                __extendsfdf2
                0x08003cf0                __floatundidf
                0x08003cf0                __aeabi_ul2d
                0x08003d00                __floatdidf
                0x08003d00                __aeabi_l2d
 .text          0x08003d5c      0x424 c:/dev/gnu tools arm embedded/5.4 2016q3/bin/../lib/gcc/arm-none-eabi/5.4.1/armv7e-m/fpu\libgcc.a(_arm_muldivdf3.o)
                0x08003d5c                __aeabi_dmul
                0x08003d5c                __muldf3
                0x08003fb0                __divdf3
                0x08003fb0                __aeabi_ddiv
 .text          0x08004180      0x110 c:/dev/gnu tools arm embedded/5.4 2016q3/bin/../lib/gcc/arm-none-eabi/5.4.1/armv7e-m/fpu\libgcc.a(_arm_cmpdf2.o)
                0x08004180                __gtdf2
                0x08004180                __gedf2
                0x08004188                __ltdf2
                0x08004188                __ledf2
                0x08004190                __nedf2
                0x08004190                __eqdf2
                0x08004190                __cmpdf2
                0x0800420c                __aeabi_cdrcmple
                0x0800421c                __aeabi_cdcmpeq
                0x0800421c                __aeabi_cdcmple
                0x0800422c                __aeabi_dcmpeq
                0x08004240                __aeabi_dcmplt
                0x08004254                __aeabi_dcmple
                0x08004268                __aeabi_dcmpge
                0x0800427c                __aeabi_dcmpgt
 .text          0x08004290       0x2c c:/dev/gnu tools arm embedded/5.4 2016q3/bin/../lib/gcc/arm-none-eabi/5.4.1/armv7e-m/fpu\libgcc.a(_arm_unorddf2.o)
                0x08004290                __unorddf2
                0x08004290                __aeabi_dcmpun
 .text          0x080042bc       0x50 c:/dev/gnu tools arm embedded/5.4 2016q3/bin/../lib/gcc/arm-none-eabi/5.4.1/armv7e-m/fpu\libgcc.a(_arm_fixdfsi.o)
                0x080042bc                __aeabi_d2iz
                0x080042bc                __fixdfsi
 *(.rodata .rodata.* .constdata .constdata.*)
 .rodata.str1.4
                0x0800430c       0x31 ./system/src/stm32f4-hal/stm32f4xx_hal_cortex.o
 *fill*         0x0800433d        0x3 
 .rodata.str1.4
                0x08004340       0x2f ./system/src/stm32f4-hal/stm32f4xx_hal_gpio.o
 *fill*         0x0800436f        0x1 
 .rodata.APBAHBPrescTable
                0x08004370       0x10 ./system/src/stm32f4-hal/stm32f4xx_hal_rcc.o
                0x08004370                APBAHBPrescTable
 .rodata.str1.4
                0x08004380       0x2e ./system/src/stm32f4-hal/stm32f4xx_hal_rcc.o
 *fill*         0x080043ae        0x2 
 .rodata.str1.4
                0x080043b0       0x2e ./system/src/stm32f4-hal/stm32f4xx_hal_tim.o
 *fill*         0x080043de        0x2 
 .rodata.str1.4
                0x080043e0       0x14 ./system/src/newlib/_exit.o
 .rodata.str1.4
                0x080043f4       0x6b ./system/src/newlib/assert.o
                                 0x6f (size before relaxing)
 *fill*         0x0800445f        0x1 
 .rodata.str1.4
                0x08004460       0x29 ./system/src/diag/Trace.o
                                 0x2d (size before relaxing)
 *fill*         0x08004489        0x3 
 .rodata.str1.4
                0x0800448c      0x148 ./system/src/cortexm/exception_handlers.o
                                0x146 (size before relaxing)
 .rodata.AHBPrescTable
                0x080045d4       0x10 ./system/src/cmsis/system_stm32f4xx.o
                0x080045d4                AHBPrescTable
 .rodata.str1.1
                0x080045e4       0x12 c:/dev/gnu tools arm embedded/5.4 2016q3/bin/../lib/gcc/arm-none-eabi/5.4.1/../../../../arm-none-eabi/lib/armv7e-m/fpu\libg_nano.a(lib_a-nano-vfprintf_float.o)
 .rodata.str1.1
                0x080045f6       0x22 c:/dev/gnu tools arm embedded/5.4 2016q3/bin/../lib/gcc/arm-none-eabi/5.4.1/../../../../arm-none-eabi/lib/armv7e-m/fpu\libg_nano.a(lib_a-nano-vfprintf_i.o)
 .rodata.str1.1
                0x08004618        0xd c:/dev/gnu tools arm embedded/5.4 2016q3/bin/../lib/gcc/arm-none-eabi/5.4.1/../../../../arm-none-eabi/lib/armv7e-m/fpu\libg_nano.a(lib_a-dtoa.o)
                                  0xf (size before relaxing)
 *fill*         0x08004625        0x3 
 .rodata.__mprec_tens
                0x08004628       0xc8 c:/dev/gnu tools arm embedded/5.4 2016q3/bin/../lib/gcc/arm-none-eabi/5.4.1/../../../../arm-none-eabi/lib/armv7e-m/fpu\libg_nano.a(lib_a-mprec.o)
                0x08004628                __mprec_tens
 .rodata.__mprec_bigtens
                0x080046f0       0x28 c:/dev/gnu tools arm embedded/5.4 2016q3/bin/../lib/gcc/arm-none-eabi/5.4.1/../../../../arm-none-eabi/lib/armv7e-m/fpu\libg_nano.a(lib_a-mprec.o)
                0x080046f0                __mprec_bigtens
 .rodata.p05.6099
                0x08004718        0xc c:/dev/gnu tools arm embedded/5.4 2016q3/bin/../lib/gcc/arm-none-eabi/5.4.1/../../../../arm-none-eabi/lib/armv7e-m/fpu\libg_nano.a(lib_a-mprec.o)
 .rodata.str1.1
                0x08004724       0x11 c:/dev/gnu tools arm embedded/5.4 2016q3/bin/../lib/gcc/arm-none-eabi/5.4.1/../../../../arm-none-eabi/lib/armv7e-m/fpu\libg_nano.a(lib_a-nano-svfprintf.o)
 .rodata.str1.1
                0x08004735        0xa c:/dev/gnu tools arm embedded/5.4 2016q3/bin/../lib/gcc/arm-none-eabi/5.4.1/../../../../arm-none-eabi/lib/armv7e-m/fpu\libg_nano.a(lib_a-locale.o)
                                  0xb (size before relaxing)
 .rodata._ctype_
                0x0800473f      0x101 c:/dev/gnu tools arm embedded/5.4 2016q3/bin/../lib/gcc/arm-none-eabi/5.4.1/../../../../arm-none-eabi/lib/armv7e-m/fpu\libg_nano.a(lib_a-ctype_.o)
                0x0800473f                _ctype_
 *(vtable)
 *(.eh_frame*)
 *(.glue_7)
 .glue_7        0x08004840        0x0 linker stubs
 *(.glue_7t)
 .glue_7t       0x08004840        0x0 linker stubs

.vfp11_veneer   0x08004840        0x0
 .vfp11_veneer  0x08004840        0x0 linker stubs

.v4_bx          0x08004840        0x0
 .v4_bx         0x08004840        0x0 linker stubs

.iplt           0x08004840        0x0
 .iplt          0x08004840        0x0 ./system/src/stm32f4-hal/stm32f4xx_hal.o

.rel.dyn        0x08004840        0x0
 .rel.iplt      0x08004840        0x0 ./system/src/stm32f4-hal/stm32f4xx_hal.o

.ARM.extab
 *(.ARM.extab* .gnu.linkonce.armextab.*)
                0x08004840                . = ALIGN (0x4)
                0x08004840                __exidx_start = .

.ARM.exidx
 *(.ARM.exidx* .gnu.linkonce.armexidx.*)
                0x08004840                __exidx_end = .
                0x08004840                . = ALIGN (0x4)
                0x08004840                _etext = .
                0x08004840                __etext = .

.data_CCMRAM    0x10000000        0x0 load address 0x08004840
 FILL mask 0xff
 *(.data.CCMRAM .data.CCMRAM.*)
                0x10000000                . = ALIGN (0x4)
                0x08004840                _sidata = LOADADDR (.data)

.data           0x20000000      0x1e4 load address 0x08004840
 FILL mask 0xff
                0x20000000                _sdata = .
                0x20000000                __data_start__ = .
 *(.data_begin .data_begin.*)
 .data_begin    0x20000000        0x4 ./system/src/newlib/_startup.o
 *(.data .data.*)
 .data.argv.4292
                0x20000004        0x8 ./system/src/newlib/_syscalls.o
 .data.SystemCoreClock
                0x2000000c        0x4 ./system/src/cmsis/system_stm32f4xx.o
                0x2000000c                SystemCoreClock
 .data.impure_data
                0x20000010       0x60 c:/dev/gnu tools arm embedded/5.4 2016q3/bin/../lib/gcc/arm-none-eabi/5.4.1/../../../../arm-none-eabi/lib/armv7e-m/fpu\libg_nano.a(lib_a-impure.o)
 .data._impure_ptr
                0x20000070        0x4 c:/dev/gnu tools arm embedded/5.4 2016q3/bin/../lib/gcc/arm-none-eabi/5.4.1/../../../../arm-none-eabi/lib/armv7e-m/fpu\libg_nano.a(lib_a-impure.o)
                0x20000070                _impure_ptr
 .data.__global_locale
                0x20000074      0x16c c:/dev/gnu tools arm embedded/5.4 2016q3/bin/../lib/gcc/arm-none-eabi/5.4.1/../../../../arm-none-eabi/lib/armv7e-m/fpu\libg_nano.a(lib_a-locale.o)
                0x20000074                __global_locale
 *(.data_end .data_end.*)
 .data_end      0x200001e0        0x4 ./system/src/newlib/_startup.o
                0x200001e4                . = ALIGN (0x4)
                0x200001e4                _edata = .
                0x200001e4                __data_end__ = .

.igot.plt       0x200001e4        0x0 load address 0x08004a24
 .igot.plt      0x200001e4        0x0 ./system/src/stm32f4-hal/stm32f4xx_hal.o

.bss_CCMRAM     0x10000000        0x0
 *(.bss.CCMRAM .bss.CCMRAM.*)

.bss            0x200001e4       0xe4
                0x200001e4                __bss_start__ = .
                0x200001e4                _sbss = .
 *(.bss_begin .bss_begin.*)
 .bss_begin     0x200001e4        0x4 ./system/src/newlib/_startup.o
 *(.bss .bss.*)
 .bss.current_heap_end.3976
                0x200001e8        0x4 ./system/src/newlib/_sbrk.o
 .bss.name.4291
                0x200001ec        0x1 ./system/src/newlib/_syscalls.o
 *fill*         0x200001ed        0x3 
 .bss.buf.5181  0x200001f0       0x80 ./system/src/diag/Trace.o
 .bss.button_state
                0x20000270        0x4 ./src/main.o
                0x20000270                button_state
 .bss.previous_button_reading
                0x20000274        0x4 ./src/main.o
                0x20000274                previous_button_reading
 .bss.__malloc_sbrk_start
                0x20000278        0x4 c:/dev/gnu tools arm embedded/5.4 2016q3/bin/../lib/gcc/arm-none-eabi/5.4.1/../../../../arm-none-eabi/lib/armv7e-m/fpu\libg_nano.a(lib_a-nano-mallocr.o)
                0x20000278                __malloc_sbrk_start
 .bss.__malloc_free_list
                0x2000027c        0x4 c:/dev/gnu tools arm embedded/5.4 2016q3/bin/../lib/gcc/arm-none-eabi/5.4.1/../../../../arm-none-eabi/lib/armv7e-m/fpu\libg_nano.a(lib_a-nano-mallocr.o)
                0x2000027c                __malloc_free_list
 *(COMMON)
 COMMON         0x20000280        0x4 ./system/src/stm32f4-hal/stm32f4xx_hal.o
                0x20000280                uwTick
 COMMON         0x20000284        0x4 ./system/src/newlib/_syscalls.o
                0x20000284                errno
 COMMON         0x20000288       0x3c ./src/main.o
                0x20000288                DisplayTimer
 *(.bss_end .bss_end.*)
 .bss_end       0x200002c4        0x4 ./system/src/newlib/_startup.o
                0x200002c8                . = ALIGN (0x4)
                0x200002c8                __bss_end__ = .
                0x200002c8                _ebss = .

.noinit_CCMRAM
 *(.noinit.CCMRAM .noinit.CCMRAM.*)

.noinit         0x200002c8        0x0
                0x200002c8                _noinit = .
 *(.noinit .noinit.*)
                0x200002c8                . = ALIGN (0x4)
                0x200002c8                _end_noinit = .
                [!provide]                PROVIDE (end, _end_noinit)
                [!provide]                PROVIDE (_end, _end_noinit)
                [!provide]                PROVIDE (__end, _end_noinit)
                [!provide]                PROVIDE (__end__, _end_noinit)

._check_stack   0x200002c8      0x100
                0x200003c8                . = (. + _Minimum_Stack_Size)
 *fill*         0x200002c8      0x100 

.b1text
 *(.b1text)
 *(.b1rodata)
 *(.b1rodata.*)

.eb0text
 *(.eb0text)
 *(.eb0rodata)
 *(.eb0rodata.*)

.eb1text
 *(.eb1text)
 *(.eb1rodata)
 *(.eb1rodata.*)

.eb2text
 *(.eb2text)
 *(.eb2rodata)
 *(.eb2rodata.*)

.eb3text
 *(.eb3text)
 *(.eb3rodata)
 *(.eb3rodata.*)

.stab
 *(.stab)

.stabstr
 *(.stabstr)

.stab.excl
 *(.stab.excl)

.stab.exclstr
 *(.stab.exclstr)

.stab.index
 *(.stab.index)

.stab.indexstr
 *(.stab.indexstr)

.comment        0x00000000       0x6e
 *(.comment)
 .comment       0x00000000       0x6e ./system/src/stm32f4-hal/stm32f4xx_hal.o
                                 0x6f (size before relaxing)
 .comment       0x0000006e       0x6f ./system/src/stm32f4-hal/stm32f4xx_hal_cortex.o
 .comment       0x0000006e       0x6f ./system/src/stm32f4-hal/stm32f4xx_hal_gpio.o
 .comment       0x0000006e       0x6f ./system/src/stm32f4-hal/stm32f4xx_hal_rcc.o
 .comment       0x0000006e       0x6f ./system/src/stm32f4-hal/stm32f4xx_hal_tim.o
 .comment       0x0000006e       0x6f ./system/src/newlib/_exit.o
 .comment       0x0000006e       0x6f ./system/src/newlib/_sbrk.o
 .comment       0x0000006e       0x6f ./system/src/newlib/_startup.o
 .comment       0x0000006e       0x6f ./system/src/newlib/_syscalls.o
 .comment       0x0000006e       0x6f ./system/src/newlib/assert.o
 .comment       0x0000006e       0x6f ./system/src/diag/Trace.o
 .comment       0x0000006e       0x6f ./system/src/diag/trace_impl.o
 .comment       0x0000006e       0x6f ./system/src/cortexm/_initialize_hardware.o
 .comment       0x0000006e       0x6f ./system/src/cortexm/exception_handlers.o
 .comment       0x0000006e       0x6f ./system/src/cmsis/system_stm32f4xx.o
 .comment       0x0000006e       0x6f ./system/src/cmsis/vectors_stm32f405xx.o
 .comment       0x0000006e       0x6f ./src/_initialize_hardware.o
 .comment       0x0000006e       0x6f ./src/main.o
 .comment       0x0000006e       0x6f ./src/stm32f4xx_hal_msp.o

.ARM.attributes
                0x00000000       0x37
 .ARM.attributes
                0x00000000       0x39 ./system/src/stm32f4-hal/stm32f4xx_hal.o
 .ARM.attributes
                0x00000039       0x39 ./system/src/stm32f4-hal/stm32f4xx_hal_cortex.o
 .ARM.attributes
                0x00000072       0x39 ./system/src/stm32f4-hal/stm32f4xx_hal_gpio.o
 .ARM.attributes
                0x000000ab       0x39 ./system/src/stm32f4-hal/stm32f4xx_hal_rcc.o
 .ARM.attributes
                0x000000e4       0x39 ./system/src/stm32f4-hal/stm32f4xx_hal_tim.o
 .ARM.attributes
                0x0000011d       0x39 ./system/src/newlib/_exit.o
 .ARM.attributes
                0x00000156       0x39 ./system/src/newlib/_sbrk.o
 .ARM.attributes
                0x0000018f       0x39 ./system/src/newlib/_startup.o
 .ARM.attributes
                0x000001c8       0x39 ./system/src/newlib/_syscalls.o
 .ARM.attributes
                0x00000201       0x39 ./system/src/newlib/assert.o
 .ARM.attributes
                0x0000023a       0x39 ./system/src/diag/Trace.o
 .ARM.attributes
                0x00000273       0x39 ./system/src/diag/trace_impl.o
 .ARM.attributes
                0x000002ac       0x39 ./system/src/cortexm/_initialize_hardware.o
 .ARM.attributes
                0x000002e5       0x39 ./system/src/cortexm/exception_handlers.o
 .ARM.attributes
                0x0000031e       0x39 ./system/src/cmsis/system_stm32f4xx.o
 .ARM.attributes
                0x00000357       0x39 ./system/src/cmsis/vectors_stm32f405xx.o
 .ARM.attributes
                0x00000390       0x39 ./src/_initialize_hardware.o
 .ARM.attributes
                0x000003c9       0x39 ./src/main.o
 .ARM.attributes
                0x00000402       0x39 ./src/stm32f4xx_hal_msp.o
 .ARM.attributes
                0x0000043b       0x34 c:/dev/gnu tools arm embedded/5.4 2016q3/bin/../lib/gcc/arm-none-eabi/5.4.1/../../../../arm-none-eabi/lib/armv7e-m/fpu\libg_nano.a(lib_a-errno.o)
 .ARM.attributes
                0x0000046f       0x34 c:/dev/gnu tools arm embedded/5.4 2016q3/bin/../lib/gcc/arm-none-eabi/5.4.1/../../../../arm-none-eabi/lib/armv7e-m/fpu\libg_nano.a(lib_a-impure.o)
 .ARM.attributes
                0x000004a3       0x34 c:/dev/gnu tools arm embedded/5.4 2016q3/bin/../lib/gcc/arm-none-eabi/5.4.1/../../../../arm-none-eabi/lib/armv7e-m/fpu\libg_nano.a(lib_a-nano-vfprintf_float.o)
 .ARM.attributes
                0x000004d7       0x34 c:/dev/gnu tools arm embedded/5.4 2016q3/bin/../lib/gcc/arm-none-eabi/5.4.1/../../../../arm-none-eabi/lib/armv7e-m/fpu\libg_nano.a(lib_a-nano-vfprintf_i.o)
 .ARM.attributes
                0x0000050b       0x1b c:/dev/gnu tools arm embedded/5.4 2016q3/bin/../lib/gcc/arm-none-eabi/5.4.1/../../../../arm-none-eabi/lib/armv7e-m/fpu\libg_nano.a(lib_a-strlen.o)
 .ARM.attributes
                0x00000526       0x34 c:/dev/gnu tools arm embedded/5.4 2016q3/bin/../lib/gcc/arm-none-eabi/5.4.1/../../../../arm-none-eabi/lib/armv7e-m/fpu\libg_nano.a(lib_a-vsnprintf.o)
 .ARM.attributes
                0x0000055a       0x34 c:/dev/gnu tools arm embedded/5.4 2016q3/bin/../lib/gcc/arm-none-eabi/5.4.1/../../../../arm-none-eabi/lib/armv7e-m/fpu\libg_nano.a(lib_a-dtoa.o)
 .ARM.attributes
                0x0000058e       0x34 c:/dev/gnu tools arm embedded/5.4 2016q3/bin/../lib/gcc/arm-none-eabi/5.4.1/../../../../arm-none-eabi/lib/armv7e-m/fpu\libg_nano.a(lib_a-localeconv.o)
 .ARM.attributes
                0x000005c2       0x34 c:/dev/gnu tools arm embedded/5.4 2016q3/bin/../lib/gcc/arm-none-eabi/5.4.1/../../../../arm-none-eabi/lib/armv7e-m/fpu\libg_nano.a(lib_a-malloc.o)
 .ARM.attributes
                0x000005f6       0x20 c:/dev/gnu tools arm embedded/5.4 2016q3/bin/../lib/gcc/arm-none-eabi/5.4.1/../../../../arm-none-eabi/lib/armv7e-m/fpu\libg_nano.a(lib_a-memchr.o)
 .ARM.attributes
                0x00000616       0x34 c:/dev/gnu tools arm embedded/5.4 2016q3/bin/../lib/gcc/arm-none-eabi/5.4.1/../../../../arm-none-eabi/lib/armv7e-m/fpu\libg_nano.a(lib_a-memcpy-stub.o)
 .ARM.attributes
                0x0000064a       0x34 c:/dev/gnu tools arm embedded/5.4 2016q3/bin/../lib/gcc/arm-none-eabi/5.4.1/../../../../arm-none-eabi/lib/armv7e-m/fpu\libg_nano.a(lib_a-mprec.o)
 .ARM.attributes
                0x0000067e       0x34 c:/dev/gnu tools arm embedded/5.4 2016q3/bin/../lib/gcc/arm-none-eabi/5.4.1/../../../../arm-none-eabi/lib/armv7e-m/fpu\libg_nano.a(lib_a-nano-callocr.o)
 .ARM.attributes
                0x000006b2       0x34 c:/dev/gnu tools arm embedded/5.4 2016q3/bin/../lib/gcc/arm-none-eabi/5.4.1/../../../../arm-none-eabi/lib/armv7e-m/fpu\libg_nano.a(lib_a-nano-freer.o)
 .ARM.attributes
                0x000006e6       0x34 c:/dev/gnu tools arm embedded/5.4 2016q3/bin/../lib/gcc/arm-none-eabi/5.4.1/../../../../arm-none-eabi/lib/armv7e-m/fpu\libg_nano.a(lib_a-nano-mallocr.o)
 .ARM.attributes
                0x0000071a       0x34 c:/dev/gnu tools arm embedded/5.4 2016q3/bin/../lib/gcc/arm-none-eabi/5.4.1/../../../../arm-none-eabi/lib/armv7e-m/fpu\libg_nano.a(lib_a-nano-svfprintf.o)
 .ARM.attributes
                0x0000074e       0x34 c:/dev/gnu tools arm embedded/5.4 2016q3/bin/../lib/gcc/arm-none-eabi/5.4.1/../../../../arm-none-eabi/lib/armv7e-m/fpu\libg_nano.a(lib_a-sbrkr.o)
 .ARM.attributes
                0x00000782       0x34 c:/dev/gnu tools arm embedded/5.4 2016q3/bin/../lib/gcc/arm-none-eabi/5.4.1/../../../../arm-none-eabi/lib/armv7e-m/fpu\libg_nano.a(lib_a-locale.o)
 .ARM.attributes
                0x000007b6       0x34 c:/dev/gnu tools arm embedded/5.4 2016q3/bin/../lib/gcc/arm-none-eabi/5.4.1/../../../../arm-none-eabi/lib/armv7e-m/fpu\libg_nano.a(lib_a-mbtowc_r.o)
 .ARM.attributes
                0x000007ea       0x34 c:/dev/gnu tools arm embedded/5.4 2016q3/bin/../lib/gcc/arm-none-eabi/5.4.1/../../../../arm-none-eabi/lib/armv7e-m/fpu\libg_nano.a(lib_a-memmove.o)
 .ARM.attributes
                0x0000081e       0x34 c:/dev/gnu tools arm embedded/5.4 2016q3/bin/../lib/gcc/arm-none-eabi/5.4.1/../../../../arm-none-eabi/lib/armv7e-m/fpu\libg_nano.a(lib_a-memset.o)
 .ARM.attributes
                0x00000852       0x34 c:/dev/gnu tools arm embedded/5.4 2016q3/bin/../lib/gcc/arm-none-eabi/5.4.1/../../../../arm-none-eabi/lib/armv7e-m/fpu\libg_nano.a(lib_a-mlock.o)
 .ARM.attributes
                0x00000886       0x34 c:/dev/gnu tools arm embedded/5.4 2016q3/bin/../lib/gcc/arm-none-eabi/5.4.1/../../../../arm-none-eabi/lib/armv7e-m/fpu\libg_nano.a(lib_a-nano-reallocr.o)
 .ARM.attributes
                0x000008ba       0x34 c:/dev/gnu tools arm embedded/5.4 2016q3/bin/../lib/gcc/arm-none-eabi/5.4.1/../../../../arm-none-eabi/lib/armv7e-m/fpu\libg_nano.a(lib_a-wctomb_r.o)
 .ARM.attributes
                0x000008ee       0x34 c:/dev/gnu tools arm embedded/5.4 2016q3/bin/../lib/gcc/arm-none-eabi/5.4.1/../../../../arm-none-eabi/lib/armv7e-m/fpu\libg_nano.a(lib_a-ctype_.o)
 .ARM.attributes
                0x00000922       0x34 c:/dev/gnu tools arm embedded/5.4 2016q3/bin/../lib/gcc/arm-none-eabi/5.4.1/../../../../arm-none-eabi/lib/armv7e-m/fpu\libg_nano.a(lib_a-nano-msizer.o)
 .ARM.attributes
                0x00000956       0x22 c:/dev/gnu tools arm embedded/5.4 2016q3/bin/../lib/gcc/arm-none-eabi/5.4.1/armv7e-m/fpu\libgcc.a(_arm_addsubdf3.o)
 .ARM.attributes
                0x00000978       0x22 c:/dev/gnu tools arm embedded/5.4 2016q3/bin/../lib/gcc/arm-none-eabi/5.4.1/armv7e-m/fpu\libgcc.a(_arm_muldivdf3.o)
 .ARM.attributes
                0x0000099a       0x22 c:/dev/gnu tools arm embedded/5.4 2016q3/bin/../lib/gcc/arm-none-eabi/5.4.1/armv7e-m/fpu\libgcc.a(_arm_cmpdf2.o)
 .ARM.attributes
                0x000009bc       0x22 c:/dev/gnu tools arm embedded/5.4 2016q3/bin/../lib/gcc/arm-none-eabi/5.4.1/armv7e-m/fpu\libgcc.a(_arm_unorddf2.o)
 .ARM.attributes
                0x000009de       0x22 c:/dev/gnu tools arm embedded/5.4 2016q3/bin/../lib/gcc/arm-none-eabi/5.4.1/armv7e-m/fpu\libgcc.a(_arm_fixdfsi.o)

.debug
 *(.debug)

.line
 *(.line)

.debug_srcinfo
 *(.debug_srcinfo)

.debug_sfnames
 *(.debug_sfnames)

.debug_aranges  0x00000000      0x898
 *(.debug_aranges)
 .debug_aranges
                0x00000000       0xc0 ./system/src/stm32f4-hal/stm32f4xx_hal.o
 .debug_aranges
                0x000000c0       0x98 ./system/src/stm32f4-hal/stm32f4xx_hal_cortex.o
 .debug_aranges
                0x00000158       0x58 ./system/src/stm32f4-hal/stm32f4xx_hal_gpio.o
 .debug_aranges
                0x000001b0       0x88 ./system/src/stm32f4-hal/stm32f4xx_hal_rcc.o
 .debug_aranges
                0x00000238      0x368 ./system/src/stm32f4-hal/stm32f4xx_hal_tim.o
 .debug_aranges
                0x000005a0       0x28 ./system/src/newlib/_exit.o
 .debug_aranges
                0x000005c8       0x20 ./system/src/newlib/_sbrk.o
 .debug_aranges
                0x000005e8       0x40 ./system/src/newlib/_startup.o
 .debug_aranges
                0x00000628       0x30 ./system/src/newlib/_syscalls.o
 .debug_aranges
                0x00000658       0x28 ./system/src/newlib/assert.o
 .debug_aranges
                0x00000680       0x38 ./system/src/diag/Trace.o
 .debug_aranges
                0x000006b8       0x30 ./system/src/diag/trace_impl.o
 .debug_aranges
                0x000006e8       0x28 ./system/src/cortexm/_initialize_hardware.o
 .debug_aranges
                0x00000710       0x90 ./system/src/cortexm/exception_handlers.o
 .debug_aranges
                0x000007a0       0x28 ./system/src/cmsis/system_stm32f4xx.o
 .debug_aranges
                0x000007c8       0x20 ./system/src/cmsis/vectors_stm32f405xx.o
 .debug_aranges
                0x000007e8       0x30 ./src/_initialize_hardware.o
 .debug_aranges
                0x00000818       0x48 ./src/main.o
 .debug_aranges
                0x00000860       0x38 ./src/stm32f4xx_hal_msp.o

.debug_pubnames
 *(.debug_pubnames)

.debug_info     0x00000000     0xa9e4
 *(.debug_info .gnu.linkonce.wi.*)
 .debug_info    0x00000000      0x8d1 ./system/src/stm32f4-hal/stm32f4xx_hal.o
 .debug_info    0x000008d1     0x10e2 ./system/src/stm32f4-hal/stm32f4xx_hal_cortex.o
 .debug_info    0x000019b3      0x86a ./system/src/stm32f4-hal/stm32f4xx_hal_gpio.o
 .debug_info    0x0000221d      0xf42 ./system/src/stm32f4-hal/stm32f4xx_hal_rcc.o
 .debug_info    0x0000315f     0x431b ./system/src/stm32f4-hal/stm32f4xx_hal_tim.o
 .debug_info    0x0000747a       0xef ./system/src/newlib/_exit.o
 .debug_info    0x00007569      0x11f ./system/src/newlib/_sbrk.o
 .debug_info    0x00007688      0x4ef ./system/src/newlib/_startup.o
 .debug_info    0x00007b77      0x1c7 ./system/src/newlib/_syscalls.o
 .debug_info    0x00007d3e      0x1a3 ./system/src/newlib/assert.o
 .debug_info    0x00007ee1      0x2e7 ./system/src/diag/Trace.o
 .debug_info    0x000081c8      0x30a ./system/src/diag/trace_impl.o
 .debug_info    0x000084d2      0x2bf ./system/src/cortexm/_initialize_hardware.o
 .debug_info    0x00008791      0x8f4 ./system/src/cortexm/exception_handlers.o
 .debug_info    0x00009085      0x4b9 ./system/src/cmsis/system_stm32f4xx.o
 .debug_info    0x0000953e       0xd1 ./system/src/cmsis/vectors_stm32f405xx.o
 .debug_info    0x0000960f      0x513 ./src/_initialize_hardware.o
 .debug_info    0x00009b22      0xddd ./src/main.o
 .debug_info    0x0000a8ff       0xe5 ./src/stm32f4xx_hal_msp.o

.debug_abbrev   0x00000000     0x1c97
 *(.debug_abbrev)
 .debug_abbrev  0x00000000      0x224 ./system/src/stm32f4-hal/stm32f4xx_hal.o
 .debug_abbrev  0x00000224      0x324 ./system/src/stm32f4-hal/stm32f4xx_hal_cortex.o
 .debug_abbrev  0x00000548      0x204 ./system/src/stm32f4-hal/stm32f4xx_hal_gpio.o
 .debug_abbrev  0x0000074c      0x2b8 ./system/src/stm32f4-hal/stm32f4xx_hal_rcc.o
 .debug_abbrev  0x00000a04      0x21b ./system/src/stm32f4-hal/stm32f4xx_hal_tim.o
 .debug_abbrev  0x00000c1f       0x8e ./system/src/newlib/_exit.o
 .debug_abbrev  0x00000cad       0xb9 ./system/src/newlib/_sbrk.o
 .debug_abbrev  0x00000d66      0x1d4 ./system/src/newlib/_startup.o
 .debug_abbrev  0x00000f3a       0xec ./system/src/newlib/_syscalls.o
 .debug_abbrev  0x00001026       0xab ./system/src/newlib/assert.o
 .debug_abbrev  0x000010d1      0x156 ./system/src/diag/Trace.o
 .debug_abbrev  0x00001227      0x1c8 ./system/src/diag/trace_impl.o
 .debug_abbrev  0x000013ef       0xea ./system/src/cortexm/_initialize_hardware.o
 .debug_abbrev  0x000014d9      0x247 ./system/src/cortexm/exception_handlers.o
 .debug_abbrev  0x00001720      0x104 ./system/src/cmsis/system_stm32f4xx.o
 .debug_abbrev  0x00001824       0x9d ./system/src/cmsis/vectors_stm32f405xx.o
 .debug_abbrev  0x000018c1      0x14c ./src/_initialize_hardware.o
 .debug_abbrev  0x00001a0d      0x220 ./src/main.o
 .debug_abbrev  0x00001c2d       0x6a ./src/stm32f4xx_hal_msp.o

.debug_line     0x00000000     0xc5cf
 *(.debug_line)
 .debug_line    0x00000000      0xb46 ./system/src/stm32f4-hal/stm32f4xx_hal.o
 .debug_line    0x00000b46      0xc29 ./system/src/stm32f4-hal/stm32f4xx_hal_cortex.o
 .debug_line    0x0000176f      0xcd0 ./system/src/stm32f4-hal/stm32f4xx_hal_gpio.o
 .debug_line    0x0000243f      0xdf8 ./system/src/stm32f4-hal/stm32f4xx_hal_rcc.o
 .debug_line    0x00003237     0x3708 ./system/src/stm32f4-hal/stm32f4xx_hal_tim.o
 .debug_line    0x0000693f      0x2fc ./system/src/newlib/_exit.o
 .debug_line    0x00006c3b      0x2ae ./system/src/newlib/_sbrk.o
 .debug_line    0x00006ee9      0x376 ./system/src/newlib/_startup.o
 .debug_line    0x0000725f      0x3b9 ./system/src/newlib/_syscalls.o
 .debug_line    0x00007618      0x337 ./system/src/newlib/assert.o
 .debug_line    0x0000794f      0x368 ./system/src/diag/Trace.o
 .debug_line    0x00007cb7      0xa81 ./system/src/diag/trace_impl.o
 .debug_line    0x00008738      0x9ed ./system/src/cortexm/_initialize_hardware.o
 .debug_line    0x00009125      0xb20 ./system/src/cortexm/exception_handlers.o
 .debug_line    0x00009c45      0x9eb ./system/src/cmsis/system_stm32f4xx.o
 .debug_line    0x0000a630       0xf5 ./system/src/cmsis/vectors_stm32f405xx.o
 .debug_line    0x0000a725      0x9f4 ./src/_initialize_hardware.o
 .debug_line    0x0000b119      0xad2 ./src/main.o
 .debug_line    0x0000bbeb      0x9e4 ./src/stm32f4xx_hal_msp.o

.debug_frame    0x00000000     0x1d40
 *(.debug_frame)
 .debug_frame   0x00000000      0x188 ./system/src/stm32f4-hal/stm32f4xx_hal.o
 .debug_frame   0x00000188      0x17c ./system/src/stm32f4-hal/stm32f4xx_hal_cortex.o
 .debug_frame   0x00000304       0xf8 ./system/src/stm32f4-hal/stm32f4xx_hal_gpio.o
 .debug_frame   0x000003fc      0x158 ./system/src/stm32f4-hal/stm32f4xx_hal_rcc.o
 .debug_frame   0x00000554      0xa8c ./system/src/stm32f4-hal/stm32f4xx_hal_tim.o
 .debug_frame   0x00000fe0       0x38 ./system/src/newlib/_exit.o
 .debug_frame   0x00001018       0x28 ./system/src/newlib/_sbrk.o
 .debug_frame   0x00001040       0x7c ./system/src/newlib/_startup.o
 .debug_frame   0x000010bc       0x50 ./system/src/newlib/_syscalls.o
 .debug_frame   0x0000110c       0x40 ./system/src/newlib/assert.o
 .debug_frame   0x0000114c       0x94 ./system/src/diag/Trace.o
 .debug_frame   0x000011e0       0x60 ./system/src/diag/trace_impl.o
 .debug_frame   0x00001240       0x40 ./system/src/cortexm/_initialize_hardware.o
 .debug_frame   0x00001280      0x158 ./system/src/cortexm/exception_handlers.o
 .debug_frame   0x000013d8       0x30 ./system/src/cmsis/system_stm32f4xx.o
 .debug_frame   0x00001408       0x20 ./system/src/cmsis/vectors_stm32f405xx.o
 .debug_frame   0x00001428       0x60 ./src/_initialize_hardware.o
 .debug_frame   0x00001488       0xb4 ./src/main.o
 .debug_frame   0x0000153c       0x50 ./src/stm32f4xx_hal_msp.o
 .debug_frame   0x0000158c       0x20 c:/dev/gnu tools arm embedded/5.4 2016q3/bin/../lib/gcc/arm-none-eabi/5.4.1/../../../../arm-none-eabi/lib/armv7e-m/fpu\libg_nano.a(lib_a-errno.o)
 .debug_frame   0x000015ac       0x88 c:/dev/gnu tools arm embedded/5.4 2016q3/bin/../lib/gcc/arm-none-eabi/5.4.1/../../../../arm-none-eabi/lib/armv7e-m/fpu\libg_nano.a(lib_a-nano-vfprintf_float.o)
 .debug_frame   0x00001634       0x60 c:/dev/gnu tools arm embedded/5.4 2016q3/bin/../lib/gcc/arm-none-eabi/5.4.1/../../../../arm-none-eabi/lib/armv7e-m/fpu\libg_nano.a(lib_a-nano-vfprintf_i.o)
 .debug_frame   0x00001694       0x48 c:/dev/gnu tools arm embedded/5.4 2016q3/bin/../lib/gcc/arm-none-eabi/5.4.1/../../../../arm-none-eabi/lib/armv7e-m/fpu\libg_nano.a(lib_a-vsnprintf.o)
 .debug_frame   0x000016dc       0x6c c:/dev/gnu tools arm embedded/5.4 2016q3/bin/../lib/gcc/arm-none-eabi/5.4.1/../../../../arm-none-eabi/lib/armv7e-m/fpu\libg_nano.a(lib_a-dtoa.o)
 .debug_frame   0x00001748       0x40 c:/dev/gnu tools arm embedded/5.4 2016q3/bin/../lib/gcc/arm-none-eabi/5.4.1/../../../../arm-none-eabi/lib/armv7e-m/fpu\libg_nano.a(lib_a-localeconv.o)
 .debug_frame   0x00001788       0x30 c:/dev/gnu tools arm embedded/5.4 2016q3/bin/../lib/gcc/arm-none-eabi/5.4.1/../../../../arm-none-eabi/lib/armv7e-m/fpu\libg_nano.a(lib_a-malloc.o)
 .debug_frame   0x000017b8       0x28 c:/dev/gnu tools arm embedded/5.4 2016q3/bin/../lib/gcc/arm-none-eabi/5.4.1/../../../../arm-none-eabi/lib/armv7e-m/fpu\libg_nano.a(lib_a-memcpy-stub.o)
 .debug_frame   0x000017e0      0x238 c:/dev/gnu tools arm embedded/5.4 2016q3/bin/../lib/gcc/arm-none-eabi/5.4.1/../../../../arm-none-eabi/lib/armv7e-m/fpu\libg_nano.a(lib_a-mprec.o)
 .debug_frame   0x00001a18       0x2c c:/dev/gnu tools arm embedded/5.4 2016q3/bin/../lib/gcc/arm-none-eabi/5.4.1/../../../../arm-none-eabi/lib/armv7e-m/fpu\libg_nano.a(lib_a-nano-callocr.o)
 .debug_frame   0x00001a44       0x38 c:/dev/gnu tools arm embedded/5.4 2016q3/bin/../lib/gcc/arm-none-eabi/5.4.1/../../../../arm-none-eabi/lib/armv7e-m/fpu\libg_nano.a(lib_a-nano-freer.o)
 .debug_frame   0x00001a7c       0x2c c:/dev/gnu tools arm embedded/5.4 2016q3/bin/../lib/gcc/arm-none-eabi/5.4.1/../../../../arm-none-eabi/lib/armv7e-m/fpu\libg_nano.a(lib_a-nano-mallocr.o)
 .debug_frame   0x00001aa8       0x90 c:/dev/gnu tools arm embedded/5.4 2016q3/bin/../lib/gcc/arm-none-eabi/5.4.1/../../../../arm-none-eabi/lib/armv7e-m/fpu\libg_nano.a(lib_a-nano-svfprintf.o)
 .debug_frame   0x00001b38       0x2c c:/dev/gnu tools arm embedded/5.4 2016q3/bin/../lib/gcc/arm-none-eabi/5.4.1/../../../../arm-none-eabi/lib/armv7e-m/fpu\libg_nano.a(lib_a-sbrkr.o)
 .debug_frame   0x00001b64       0x88 c:/dev/gnu tools arm embedded/5.4 2016q3/bin/../lib/gcc/arm-none-eabi/5.4.1/../../../../arm-none-eabi/lib/armv7e-m/fpu\libg_nano.a(lib_a-locale.o)
 .debug_frame   0x00001bec       0x44 c:/dev/gnu tools arm embedded/5.4 2016q3/bin/../lib/gcc/arm-none-eabi/5.4.1/../../../../arm-none-eabi/lib/armv7e-m/fpu\libg_nano.a(lib_a-mbtowc_r.o)
 .debug_frame   0x00001c30       0x28 c:/dev/gnu tools arm embedded/5.4 2016q3/bin/../lib/gcc/arm-none-eabi/5.4.1/../../../../arm-none-eabi/lib/armv7e-m/fpu\libg_nano.a(lib_a-memmove.o)
 .debug_frame   0x00001c58       0x20 c:/dev/gnu tools arm embedded/5.4 2016q3/bin/../lib/gcc/arm-none-eabi/5.4.1/../../../../arm-none-eabi/lib/armv7e-m/fpu\libg_nano.a(lib_a-memset.o)
 .debug_frame   0x00001c78       0x30 c:/dev/gnu tools arm embedded/5.4 2016q3/bin/../lib/gcc/arm-none-eabi/5.4.1/../../../../arm-none-eabi/lib/armv7e-m/fpu\libg_nano.a(lib_a-mlock.o)
 .debug_frame   0x00001ca8       0x3c c:/dev/gnu tools arm embedded/5.4 2016q3/bin/../lib/gcc/arm-none-eabi/5.4.1/../../../../arm-none-eabi/lib/armv7e-m/fpu\libg_nano.a(lib_a-nano-reallocr.o)
 .debug_frame   0x00001ce4       0x3c c:/dev/gnu tools arm embedded/5.4 2016q3/bin/../lib/gcc/arm-none-eabi/5.4.1/../../../../arm-none-eabi/lib/armv7e-m/fpu\libg_nano.a(lib_a-wctomb_r.o)
 .debug_frame   0x00001d20       0x20 c:/dev/gnu tools arm embedded/5.4 2016q3/bin/../lib/gcc/arm-none-eabi/5.4.1/../../../../arm-none-eabi/lib/armv7e-m/fpu\libg_nano.a(lib_a-nano-msizer.o)

.debug_str      0x00000000    0x9a44b
 *(.debug_str)
 .debug_str     0x00000000    0x95112 ./system/src/stm32f4-hal/stm32f4xx_hal.o
                              0x954f8 (size before relaxing)
 .debug_str     0x00095112      0x381 ./system/src/stm32f4-hal/stm32f4xx_hal_cortex.o
                              0x95360 (size before relaxing)
 .debug_str     0x00095493      0x2d8 ./system/src/stm32f4-hal/stm32f4xx_hal_gpio.o
                              0x94d92 (size before relaxing)
 .debug_str     0x0009576b      0x394 ./system/src/stm32f4-hal/stm32f4xx_hal_rcc.o
                              0x94f30 (size before relaxing)
 .debug_str     0x00095aff     0x1117 ./system/src/stm32f4-hal/stm32f4xx_hal_tim.o
                              0x95b9b (size before relaxing)
 .debug_str     0x00096c16     0x10b6 ./system/src/newlib/_exit.o
                               0x6f4e (size before relaxing)
 .debug_str     0x00097ccc      0x4de ./system/src/newlib/_sbrk.o
                               0x6339 (size before relaxing)
 .debug_str     0x000981aa      0x2cc ./system/src/newlib/_startup.o
                               0x5f1e (size before relaxing)
 .debug_str     0x00098476      0xe18 ./system/src/newlib/_syscalls.o
                               0x7199 (size before relaxing)
 .debug_str     0x0009928e       0xd5 ./system/src/newlib/assert.o
                               0x7a53 (size before relaxing)
 .debug_str     0x00099363      0x169 ./system/src/diag/Trace.o
                               0x773e (size before relaxing)
 .debug_str     0x000994cc      0x37b ./system/src/diag/trace_impl.o
                              0x95c60 (size before relaxing)
 .debug_str     0x00099847       0x5e ./system/src/cortexm/_initialize_hardware.o
                              0x94a41 (size before relaxing)
 .debug_str     0x000998a5      0x19d ./system/src/cortexm/exception_handlers.o
                              0x95dea (size before relaxing)
 .debug_str     0x00099a42       0x46 ./system/src/cmsis/system_stm32f4xx.o
                              0x94b20 (size before relaxing)
 .debug_str     0x00099a88       0x59 ./system/src/cmsis/vectors_stm32f405xx.o
                               0x310b (size before relaxing)
 .debug_str     0x00099ae1       0x31 ./src/_initialize_hardware.o
                              0x94c42 (size before relaxing)
 .debug_str     0x00099b12      0x8fc ./src/main.o
                              0x9730d (size before relaxing)
 .debug_str     0x0009a40e       0x3d ./src/stm32f4xx_hal_msp.o
                              0x94980 (size before relaxing)

.debug_loc      0x00000000     0x467e
 *(.debug_loc)
 .debug_loc     0x00000000       0x92 ./system/src/stm32f4-hal/stm32f4xx_hal.o
 .debug_loc     0x00000092      0x580 ./system/src/stm32f4-hal/stm32f4xx_hal_cortex.o
 .debug_loc     0x00000612      0x4b0 ./system/src/stm32f4-hal/stm32f4xx_hal_gpio.o
 .debug_loc     0x00000ac2      0x57a ./system/src/stm32f4-hal/stm32f4xx_hal_rcc.o
 .debug_loc     0x0000103c     0x2713 ./system/src/stm32f4-hal/stm32f4xx_hal_tim.o
 .debug_loc     0x0000374f       0x82 ./system/src/newlib/_sbrk.o
 .debug_loc     0x000037d1      0x36e ./system/src/newlib/_startup.o
 .debug_loc     0x00003b3f       0x63 ./system/src/newlib/_syscalls.o
 .debug_loc     0x00003ba2      0x110 ./system/src/newlib/assert.o
 .debug_loc     0x00003cb2      0x102 ./system/src/diag/Trace.o
 .debug_loc     0x00003db4      0x17c ./system/src/diag/trace_impl.o
 .debug_loc     0x00003f30      0x2a8 ./system/src/cortexm/exception_handlers.o
 .debug_loc     0x000041d8      0x132 ./system/src/cmsis/system_stm32f4xx.o
 .debug_loc     0x0000430a      0x374 ./src/main.o

.debug_macinfo
 *(.debug_macinfo)

.debug_weaknames
 *(.debug_weaknames)

.debug_funcnames
 *(.debug_funcnames)

.debug_typenames
 *(.debug_typenames)

.debug_varnames
 *(.debug_varnames)
OUTPUT(audio effects.elf elf32-littlearm)

.debug_ranges   0x00000000      0x798
 .debug_ranges  0x00000000       0xb0 ./system/src/stm32f4-hal/stm32f4xx_hal.o
 .debug_ranges  0x000000b0       0x88 ./system/src/stm32f4-hal/stm32f4xx_hal_cortex.o
 .debug_ranges  0x00000138       0x48 ./system/src/stm32f4-hal/stm32f4xx_hal_gpio.o
 .debug_ranges  0x00000180       0x78 ./system/src/stm32f4-hal/stm32f4xx_hal_rcc.o
 .debug_ranges  0x000001f8      0x358 ./system/src/stm32f4-hal/stm32f4xx_hal_tim.o
 .debug_ranges  0x00000550       0x18 ./system/src/newlib/_exit.o
 .debug_ranges  0x00000568       0x10 ./system/src/newlib/_sbrk.o
 .debug_ranges  0x00000578       0x30 ./system/src/newlib/_startup.o
 .debug_ranges  0x000005a8       0x20 ./system/src/newlib/_syscalls.o
 .debug_ranges  0x000005c8       0x18 ./system/src/newlib/assert.o
 .debug_ranges  0x000005e0       0x28 ./system/src/diag/Trace.o
 .debug_ranges  0x00000608       0x38 ./system/src/diag/trace_impl.o
 .debug_ranges  0x00000640       0x18 ./system/src/cortexm/_initialize_hardware.o
 .debug_ranges  0x00000658       0x98 ./system/src/cortexm/exception_handlers.o
 .debug_ranges  0x000006f0       0x18 ./system/src/cmsis/system_stm32f4xx.o
 .debug_ranges  0x00000708       0x10 ./system/src/cmsis/vectors_stm32f405xx.o
 .debug_ranges  0x00000718       0x20 ./src/_initialize_hardware.o
 .debug_ranges  0x00000738       0x38 ./src/main.o
 .debug_ranges  0x00000770       0x28 ./src/stm32f4xx_hal_msp.o

.debug_macro    0x00000000    0x1a39a
 .debug_macro   0x00000000      0x528 ./system/src/stm32f4-hal/stm32f4xx_hal.o
 .debug_macro   0x00000528      0x8b6 ./system/src/stm32f4-hal/stm32f4xx_hal.o
 .debug_macro   0x00000dde      0x283 ./system/src/stm32f4-hal/stm32f4xx_hal.o
 .debug_macro   0x00001061       0x2e ./system/src/stm32f4-hal/stm32f4xx_hal.o
 .debug_macro   0x0000108f       0x28 ./system/src/stm32f4-hal/stm32f4xx_hal.o
 .debug_macro   0x000010b7      0x34e ./system/src/stm32f4-hal/stm32f4xx_hal.o
 .debug_macro   0x00001405       0x35 ./system/src/stm32f4-hal/stm32f4xx_hal.o
 .debug_macro   0x0000143a       0x50 ./system/src/stm32f4-hal/stm32f4xx_hal.o
 .debug_macro   0x0000148a      0xe66 ./system/src/stm32f4-hal/stm32f4xx_hal.o
 .debug_macro   0x000022f0     0x88fb ./system/src/stm32f4-hal/stm32f4xx_hal.o
 .debug_macro   0x0000abeb       0x43 ./system/src/stm32f4-hal/stm32f4xx_hal.o
 .debug_macro   0x0000ac2e     0x33a6 ./system/src/stm32f4-hal/stm32f4xx_hal.o
 .debug_macro   0x0000dfd4       0x22 ./system/src/stm32f4-hal/stm32f4xx_hal.o
 .debug_macro   0x0000dff6       0x4c ./system/src/stm32f4-hal/stm32f4xx_hal.o
 .debug_macro   0x0000e042       0x8d ./system/src/stm32f4-hal/stm32f4xx_hal.o
 .debug_macro   0x0000e0cf       0x35 ./system/src/stm32f4-hal/stm32f4xx_hal.o
 .debug_macro   0x0000e104       0x9c ./system/src/stm32f4-hal/stm32f4xx_hal.o
 .debug_macro   0x0000e1a0       0x16 ./system/src/stm32f4-hal/stm32f4xx_hal.o
 .debug_macro   0x0000e1b6       0x4a ./system/src/stm32f4-hal/stm32f4xx_hal.o
 .debug_macro   0x0000e200       0x97 ./system/src/stm32f4-hal/stm32f4xx_hal.o
 .debug_macro   0x0000e297      0x30d ./system/src/stm32f4-hal/stm32f4xx_hal.o
 .debug_macro   0x0000e5a4       0xfd ./system/src/stm32f4-hal/stm32f4xx_hal.o
 .debug_macro   0x0000e6a1       0x10 ./system/src/stm32f4-hal/stm32f4xx_hal.o
 .debug_macro   0x0000e6b1       0x52 ./system/src/stm32f4-hal/stm32f4xx_hal.o
 .debug_macro   0x0000e703       0x1f ./system/src/stm32f4-hal/stm32f4xx_hal.o
 .debug_macro   0x0000e722       0x43 ./system/src/stm32f4-hal/stm32f4xx_hal.o
 .debug_macro   0x0000e765       0x20 ./system/src/stm32f4-hal/stm32f4xx_hal.o
 .debug_macro   0x0000e785      0x187 ./system/src/stm32f4-hal/stm32f4xx_hal.o
 .debug_macro   0x0000e90c       0x10 ./system/src/stm32f4-hal/stm32f4xx_hal.o
 .debug_macro   0x0000e91c       0x5e ./system/src/stm32f4-hal/stm32f4xx_hal.o
 .debug_macro   0x0000e97a       0x1c ./system/src/stm32f4-hal/stm32f4xx_hal.o
 .debug_macro   0x0000e996       0x52 ./system/src/stm32f4-hal/stm32f4xx_hal.o
 .debug_macro   0x0000e9e8       0x40 ./system/src/stm32f4-hal/stm32f4xx_hal.o
 .debug_macro   0x0000ea28       0x10 ./system/src/stm32f4-hal/stm32f4xx_hal.o
 .debug_macro   0x0000ea38       0x40 ./system/src/stm32f4-hal/stm32f4xx_hal.o
 .debug_macro   0x0000ea78       0xd7 ./system/src/stm32f4-hal/stm32f4xx_hal.o
 .debug_macro   0x0000eb4f       0x16 ./system/src/stm32f4-hal/stm32f4xx_hal.o
 .debug_macro   0x0000eb65      0x18b ./system/src/stm32f4-hal/stm32f4xx_hal.o
 .debug_macro   0x0000ecf0       0x57 ./system/src/stm32f4-hal/stm32f4xx_hal.o
 .debug_macro   0x0000ed47      0x8a0 ./system/src/stm32f4-hal/stm32f4xx_hal.o
 .debug_macro   0x0000f5e7      0x9da ./system/src/stm32f4-hal/stm32f4xx_hal.o
 .debug_macro   0x0000ffc1      0x11e ./system/src/stm32f4-hal/stm32f4xx_hal.o
 .debug_macro   0x000100df      0x130 ./system/src/stm32f4-hal/stm32f4xx_hal.o
 .debug_macro   0x0001020f       0x27 ./system/src/stm32f4-hal/stm32f4xx_hal.o
 .debug_macro   0x00010236      0x272 ./system/src/stm32f4-hal/stm32f4xx_hal.o
 .debug_macro   0x000104a8       0x5f ./system/src/stm32f4-hal/stm32f4xx_hal.o
 .debug_macro   0x00010507      0x23a ./system/src/stm32f4-hal/stm32f4xx_hal.o
 .debug_macro   0x00010741      0x391 ./system/src/stm32f4-hal/stm32f4xx_hal.o
 .debug_macro   0x00010ad2      0x16f ./system/src/stm32f4-hal/stm32f4xx_hal.o
 .debug_macro   0x00010c41       0xf9 ./system/src/stm32f4-hal/stm32f4xx_hal.o
 .debug_macro   0x00010d3a      0x36e ./system/src/stm32f4-hal/stm32f4xx_hal.o
 .debug_macro   0x000110a8       0x23 ./system/src/stm32f4-hal/stm32f4xx_hal.o
 .debug_macro   0x000110cb       0xe6 ./system/src/stm32f4-hal/stm32f4xx_hal.o
 .debug_macro   0x000111b1       0xa1 ./system/src/stm32f4-hal/stm32f4xx_hal.o
 .debug_macro   0x00011252       0x3c ./system/src/stm32f4-hal/stm32f4xx_hal.o
 .debug_macro   0x0001128e      0x13a ./system/src/stm32f4-hal/stm32f4xx_hal.o
 .debug_macro   0x000113c8      0x21e ./system/src/stm32f4-hal/stm32f4xx_hal.o
 .debug_macro   0x000115e6       0x2e ./system/src/stm32f4-hal/stm32f4xx_hal.o
 .debug_macro   0x00011614      0x512 ./system/src/stm32f4-hal/stm32f4xx_hal.o
 .debug_macro   0x00011b26       0x88 ./system/src/stm32f4-hal/stm32f4xx_hal.o
 .debug_macro   0x00011bae       0xd5 ./system/src/stm32f4-hal/stm32f4xx_hal.o
 .debug_macro   0x00011c83      0x183 ./system/src/stm32f4-hal/stm32f4xx_hal.o
 .debug_macro   0x00011e06      0x1a7 ./system/src/stm32f4-hal/stm32f4xx_hal.o
 .debug_macro   0x00011fad       0xa5 ./system/src/stm32f4-hal/stm32f4xx_hal.o
 .debug_macro   0x00012052      0x18b ./system/src/stm32f4-hal/stm32f4xx_hal.o
 .debug_macro   0x000121dd       0x24 ./system/src/stm32f4-hal/stm32f4xx_hal.o
 .debug_macro   0x00012201       0x35 ./system/src/stm32f4-hal/stm32f4xx_hal.o
 .debug_macro   0x00012236       0x97 ./system/src/stm32f4-hal/stm32f4xx_hal.o
 .debug_macro   0x000122cd      0x11e ./system/src/stm32f4-hal/stm32f4xx_hal.o
 .debug_macro   0x000123eb       0x7f ./system/src/stm32f4-hal/stm32f4xx_hal.o
 .debug_macro   0x0001246a       0x89 ./system/src/stm32f4-hal/stm32f4xx_hal.o
 .debug_macro   0x000124f3       0x7e ./system/src/stm32f4-hal/stm32f4xx_hal.o
 .debug_macro   0x00012571      0x31a ./system/src/stm32f4-hal/stm32f4xx_hal.o
 .debug_macro   0x0001288b      0x409 ./system/src/stm32f4-hal/stm32f4xx_hal.o
 .debug_macro   0x00012c94       0xe4 ./system/src/stm32f4-hal/stm32f4xx_hal.o
 .debug_macro   0x00012d78      0x48d ./system/src/stm32f4-hal/stm32f4xx_hal.o
 .debug_macro   0x00013205      0x22b ./system/src/stm32f4-hal/stm32f4xx_hal.o
 .debug_macro   0x00013430      0x202 ./system/src/stm32f4-hal/stm32f4xx_hal.o
 .debug_macro   0x00013632      0x6d9 ./system/src/stm32f4-hal/stm32f4xx_hal.o
 .debug_macro   0x00013d0b       0x5b ./system/src/stm32f4-hal/stm32f4xx_hal.o
 .debug_macro   0x00013d66      0x14d ./system/src/stm32f4-hal/stm32f4xx_hal.o
 .debug_macro   0x00013eb3      0x287 ./system/src/stm32f4-hal/stm32f4xx_hal.o
 .debug_macro   0x0001413a      0x225 ./system/src/stm32f4-hal/stm32f4xx_hal.o
 .debug_macro   0x0001435f      0x1b5 ./system/src/stm32f4-hal/stm32f4xx_hal.o
 .debug_macro   0x00014514      0x2db ./system/src/stm32f4-hal/stm32f4xx_hal.o
 .debug_macro   0x000147ef       0x94 ./system/src/stm32f4-hal/stm32f4xx_hal.o
 .debug_macro   0x00014883      0x1df ./system/src/stm32f4-hal/stm32f4xx_hal.o
 .debug_macro   0x00014a62      0x115 ./system/src/stm32f4-hal/stm32f4xx_hal.o
 .debug_macro   0x00014b77       0x6e ./system/src/stm32f4-hal/stm32f4xx_hal.o
 .debug_macro   0x00014be5      0x125 ./system/src/stm32f4-hal/stm32f4xx_hal.o
 .debug_macro   0x00014d0a      0x4da ./system/src/stm32f4-hal/stm32f4xx_hal_cortex.o
 .debug_macro   0x000151e4      0x512 ./system/src/stm32f4-hal/stm32f4xx_hal_gpio.o
 .debug_macro   0x000156f6      0x504 ./system/src/stm32f4-hal/stm32f4xx_hal_rcc.o
 .debug_macro   0x00015bfa      0x4db ./system/src/stm32f4-hal/stm32f4xx_hal_tim.o
 .debug_macro   0x000160d5      0x19c ./system/src/newlib/_exit.o
 .debug_macro   0x00016271      0x10e ./system/src/newlib/_exit.o
 .debug_macro   0x0001637f       0x8d ./system/src/newlib/_exit.o
 .debug_macro   0x0001640c       0x35 ./system/src/newlib/_exit.o
 .debug_macro   0x00016441      0x151 ./system/src/newlib/_sbrk.o
 .debug_macro   0x00016592      0x174 ./system/src/newlib/_sbrk.o
 .debug_macro   0x00016706       0x10 ./system/src/newlib/_sbrk.o
 .debug_macro   0x00016716      0x23b ./system/src/newlib/_sbrk.o
 .debug_macro   0x00016951      0x15b ./system/src/newlib/_startup.o
 .debug_macro   0x00016aac      0x8aa ./system/src/newlib/_startup.o
 .debug_macro   0x00017356      0x1ff ./system/src/newlib/_syscalls.o
 .debug_macro   0x00017555       0x1c ./system/src/newlib/_syscalls.o
 .debug_macro   0x00017571       0x10 ./system/src/newlib/_syscalls.o
 .debug_macro   0x00017581       0x10 ./system/src/newlib/_syscalls.o
 .debug_macro   0x00017591       0x10 ./system/src/newlib/_syscalls.o
 .debug_macro   0x000175a1       0x35 ./system/src/newlib/_syscalls.o
 .debug_macro   0x000175d6      0x122 ./system/src/newlib/_syscalls.o
 .debug_macro   0x000176f8       0x88 ./system/src/newlib/_syscalls.o
 .debug_macro   0x00017780       0x2b ./system/src/newlib/_syscalls.o
 .debug_macro   0x000177ab      0x118 ./system/src/newlib/_syscalls.o
 .debug_macro   0x000178c3      0x159 ./system/src/newlib/_syscalls.o
 .debug_macro   0x00017a1c       0x16 ./system/src/newlib/_syscalls.o
 .debug_macro   0x00017a32      0x1b8 ./system/src/newlib/assert.o
 .debug_macro   0x00017bea       0x1c ./system/src/newlib/assert.o
 .debug_macro   0x00017c06      0x1d9 ./system/src/diag/Trace.o
 .debug_macro   0x00017ddf       0x4c ./system/src/diag/Trace.o
 .debug_macro   0x00017e2b       0x16 ./system/src/diag/Trace.o
 .debug_macro   0x00017e41      0x520 ./system/src/diag/trace_impl.o
 .debug_macro   0x00018361       0x22 ./system/src/diag/trace_impl.o
 .debug_macro   0x00018383      0x4e4 ./system/src/cortexm/_initialize_hardware.o
 .debug_macro   0x00018867      0x543 ./system/src/cortexm/exception_handlers.o
 .debug_macro   0x00018daa       0x3b ./system/src/cortexm/exception_handlers.o
 .debug_macro   0x00018de5      0x4e0 ./system/src/cmsis/system_stm32f4xx.o
 .debug_macro   0x000192c5       0x34 ./system/src/cmsis/vectors_stm32f405xx.o
 .debug_macro   0x000192f9      0x4da ./src/_initialize_hardware.o
 .debug_macro   0x000197d3      0x58b ./src/main.o
 .debug_macro   0x00019d5e      0x10b ./src/main.o
 .debug_macro   0x00019e69       0x16 ./src/main.o
 .debug_macro   0x00019e7f       0x41 ./src/main.o
 .debug_macro   0x00019ec0      0x4da ./src/stm32f4xx_hal_msp.o
